Microchip MPLAB XC8 Compiler V1.33 ()

Linker command line:

--edf=C:\Program Files (x86)\Microchip\xc8\v1.33\dat\en_msgs.txt -cs \
  -h+dist/default/production\adf7012_pic16lf1825.production.sym \
  --cmf=dist/default/production\adf7012_pic16lf1825.production.cmf -z \
  -Q16LF1825 -oC:\Users\Kadir\AppData\Local\Temp\s5tg.6 \
  -Mdist/default/production/adf7012_pic16lf1825.production.map -E1 -ver=XC8 \
  -ASTACK=02130h-0231fh -pstack=STACK -ACONST=00h-0FFhx32 \
  -ACODE=00h-07FFhx4 -ASTRCODE=00h-01FFFh -AENTRY=00h-0FFhx32 \
  -ASTRING=00h-0FFhx32 -ACOMMON=070h-07Fh -ABANK0=020h-06Fh \
  -ABANK1=0A0h-0EFh -ABANK2=0120h-016Fh -ABANK3=01A0h-01EFh \
  -ABANK4=0220h-026Fh -ABANK5=02A0h-02EFh -ABANK6=0320h-036Fh \
  -ABANK7=03A0h-03EFh -ABANK8=0420h-046Fh -ABANK9=04A0h-04EFh \
  -ABANK10=0520h-056Fh -ABANK11=05A0h-05EFh -ABANK12=0620h-064Fh \
  -ABIGRAM=02000h-023EFh \
  -ARAM=020h-06Fh,0A0h-0EFh,0120h-016Fh,01A0h-01EFh,0220h-026Fh,02A0h-02EFh,0320h-036Fh,03A0h-03EFh,0420h-046Fh,04A0h-04EFh,0520h-056Fh,05A0h-05EFh,0620h-064Fh \
  -AABS1=020h-07Fh,0A0h-0EFh,0120h-016Fh,01A0h-01EFh,0220h-026Fh,02A0h-02EFh,0320h-036Fh,03A0h-03EFh,0420h-046Fh,04A0h-04EFh,0520h-056Fh,05A0h-05EFh,0620h-064Fh \
  -ASFR0=00h-01Fh -ASFR1=080h-09Fh -ASFR2=0100h-011Fh -ASFR3=0180h-019Fh \
  -ASFR4=0200h-021Fh -ASFR5=0280h-029Fh -ASFR6=0300h-031Fh \
  -ASFR7=0380h-039Fh -ASFR8=0400h-041Fh -ASFR9=0480h-049Fh \
  -ASFR10=0500h-051Fh -ASFR11=0580h-059Fh -ASFR12=0600h-061Fh \
  -ASFR13=0680h-06EFh -ASFR14=0700h-076Fh -ASFR15=0780h-07EFh \
  -ASFR16=0800h-086Fh -ASFR17=0880h-08EFh -ASFR18=0900h-096Fh \
  -ASFR19=0980h-09EFh -ASFR20=0A00h-0A6Fh -ASFR21=0A80h-0AEFh \
  -ASFR22=0B00h-0B6Fh -ASFR23=0B80h-0BEFh -ASFR24=0C00h-0C6Fh \
  -ASFR25=0C80h-0CEFh -ASFR26=0D00h-0D6Fh -ASFR27=0D80h-0DEFh \
  -ASFR28=0E00h-0E6Fh -ASFR29=0E80h-0EEFh -ASFR30=0F00h-0F6Fh \
  -ASFR31=0F80h-0FEFh -preset_vec=00h,intentry=04h,init,end_init \
  -ppowerup=CODE -pcinit=CODE -pfunctab=CODE -ACONFIG=08007h-08008h \
  -pconfig=CONFIG -DCONFIG=2 -AIDLOC=08000h-08003h -pidloc=IDLOC -DIDLOC=2 \
  -AEEDATA=00h-0FFh/0F000h -peeprom_data=EEDATA -DEEDATA=2 -DCODE=2 \
  -DSTRCODE=2 -DSTRING=2 -DCONST=2 -DENTRY=2 -k \
  C:\Users\Kadir\AppData\Local\Temp\s5tg.obj \
  dist/default/production\adf7012_pic16lf1825.production.obj 

Object code version is 3.11

Machine type is 16LF1825



                Name                               Link     Load   Length Selector   Space Scale
C:\Users\Kadir\AppData\Local\Temp\s5tg.obj
                end_init                             3A       3A        2        8       0
                reset_vec                             0        0        2        0       0
                config                             8007     8007        2    1000E       0
dist/default/production\adf7012_pic16lf1825.production.obj
                cinit                                3C       3C       2C        8       0
                intentry                              4        4       36        8       0
                text53                             16E0     16E0        5     2DC0       0
                text52                             16DC     16DC        4     2DB8       0
                text51                              D53      D53       9C     1AA6       0
                text49                             16EA     16EA        6     2DD4       0
                text48                              57C      57C       7C        8       0
                text47                              924      924       32     1248       0
                text46                              E98      E98       B4     1D30       0
                text45                             17AB     17AB       1B     2F56       0
                text44                              BCC      BCC       79     1798       0
                text43                              3DC      3DC       D9        8       0
                text42                             16F0     16F0        6     2DE0       0
                text41                             17C6     17C6       1D     2F8C       0
                text40                             16E5     16E5        5     2DCA       0
                text39                              87E      87E       29     10FC       0
                text38                             172E     172E        F     2E5C       0
                text37                              7FD      7FD        3      D88       0
                text36                              8A7      8A7       29     114E       0
                text35                              956      956       34     12AC       0
                text34                              8D0      8D0       2A     11A0       0
                text33                              9C0      9C0       39     1380       0
                text32                              AE6      AE6       71     15CC       0
                text31                               68       68      16C        8       0
                text30                              6C4      6C4       B7      D88       0
                text29                              4B5      4B5       C7        8       0
                text28                             1714     1714        C     2E28       0
                text27                              B57      B57       75     16AE       0
                text26                              9F9      9F9       39     13F2       0
                text25                              800      800        5     1000       0
                text24                              835      835       23     106A       0
                text23                             177B     177B       18     2EF6       0
                text22                             1702     1702        9     2E04       0
                text21                              805      805       11     100A       0
                text20                              858      858       26     10B0       0
                text19                             1793     1793       18     2F26       0
                text18                              816      816       1F     102C       0
                text17                             173D     173D        F     2E7A       0
                text16                             175B     175B       10     2EB6       0
                text15                              77B      77B       82      D88       0
                text14                              A85      A85       61     150A       0
                text13                              2E6      2E6       F6        8       0
                text12                              DEF      DEF       A9     1BDE       0
                text11                              F4C      F4C       B4     1E98       0
                text10                             170B     170B        9     2E16       0
                text9                               C45      C45       87     188A       0
                text8                               A32      A32       53     1464       0
                text7                               8FA      8FA       2A     11F4       0
                text6                               1D4      1D4      112        8       0
                text5                              17E3     17E3       1D     2FC6       0
                text4                              16F6     16F6        6     2DEC       0
                text3                              1720     1720        E     2E40       0
                text2                               98A      98A       36     1314       0
                text1                              174C     174C        F     2E98       0
                maintext                            CCC      CCC       87     1998       0
                cstackBANK0                          20       20       50       20       1
                cstackCOMMON                         70       70        9       70       1
                cstackBANK1                          D4       D4       1C       A0       1
                inittext                           16FC     16FC        6     2DF8       0
                clrtext                             5F8      5F8        6        8       0
                bssBANK3                            1A0      1A0       40      1A0       1
                dataBANK2                           136      136       10      120       1
                bssBANK2                            120      120       16      120       1
                bssBANK1                             A0       A0       34       A0       1
                bssCOMMON                            79       79        5       70       1
                stringtext                          600      600       C4        C       0
                idataBANK2                         176B     176B       10     2ED6       0

TOTAL           Name                               Link     Load   Length     Space
        CLASS   STACK          

        CLASS   CONST          

        CLASS   CODE           
                end_init                             3A       3A        2         0
                cinit                                3C       3C       2C         0
                intentry                              4        4       36         0
                reset_vec                             0        0        2         0
                text53                             16E0     16E0        5         0
                text52                             16DC     16DC        4         0
                text51                              D53      D53       9C         0
                text49                             16EA     16EA        6         0
                text48                              57C      57C       7C         0
                text47                              924      924       32         0
                text46                              E98      E98       B4         0
                text45                             17AB     17AB       1B         0
                text44                              BCC      BCC       79         0
                text43                              3DC      3DC       D9         0
                text42                             16F0     16F0        6         0
                text41                             17C6     17C6       1D         0
                text40                             16E5     16E5        5         0
                text39                              87E      87E       29         0
                text38                             172E     172E        F         0
                text37                              7FD      7FD        3         0
                text36                              8A7      8A7       29         0
                text35                              956      956       34         0
                text34                              8D0      8D0       2A         0
                text33                              9C0      9C0       39         0
                text32                              AE6      AE6       71         0
                text31                               68       68      16C         0
                text30                              6C4      6C4       B7         0
                text29                              4B5      4B5       C7         0
                text28                             1714     1714        C         0
                text27                              B57      B57       75         0
                text26                              9F9      9F9       39         0
                text25                              800      800        5         0
                text24                              835      835       23         0
                text23                             177B     177B       18         0
                text22                             1702     1702        9         0
                text21                              805      805       11         0
                text20                              858      858       26         0
                text19                             1793     1793       18         0
                text18                              816      816       1F         0
                text17                             173D     173D        F         0
                text16                             175B     175B       10         0
                text15                              77B      77B       82         0
                text14                              A85      A85       61         0
                text13                              2E6      2E6       F6         0
                text12                              DEF      DEF       A9         0
                text11                              F4C      F4C       B4         0
                text10                             170B     170B        9         0
                text9                               C45      C45       87         0
                text8                               A32      A32       53         0
                text7                               8FA      8FA       2A         0
                text6                               1D4      1D4      112         0
                text5                              17E3     17E3       1D         0
                text4                              16F6     16F6        6         0
                text3                              1720     1720        E         0
                text2                               98A      98A       36         0
                text1                              174C     174C        F         0
                maintext                            CCC      CCC       87         0
                inittext                           16FC     16FC        6         0
                clrtext                             5F8      5F8        6         0
                idataBANK2                         176B     176B       10         0

        CLASS   STRCODE        
                stringtext                          600      600       C4         0

        CLASS   ENTRY          

        CLASS   STRING         

        CLASS   COMMON         
                cstackCOMMON                         70       70        9         1
                bssCOMMON                            79       79        5         1

        CLASS   BANK0          
                cstackBANK0                          20       20       50         1

        CLASS   BANK1          
                cstackBANK1                          D4       D4       1C         1
                bssBANK1                             A0       A0       34         1

        CLASS   BANK2          
                dataBANK2                           136      136       10         1
                bssBANK2                            120      120       16         1

        CLASS   BANK3          
                bssBANK3                            1A0      1A0       40         1

        CLASS   BANK4          

        CLASS   BANK5          

        CLASS   BANK6          

        CLASS   BANK7          

        CLASS   BANK8          

        CLASS   BANK9          

        CLASS   BANK10         

        CLASS   BANK11         

        CLASS   BANK12         

        CLASS   BIGRAM         

        CLASS   RAM            

        CLASS   ABS1           
                abs_s1                               7E       7E        2         1

        CLASS   SFR0           

        CLASS   SFR1           

        CLASS   SFR2           

        CLASS   SFR3           

        CLASS   SFR4           

        CLASS   SFR5           

        CLASS   SFR6           

        CLASS   SFR7           

        CLASS   SFR8           

        CLASS   SFR9           

        CLASS   SFR10          

        CLASS   SFR11          

        CLASS   SFR12          

        CLASS   SFR13          

        CLASS   SFR14          

        CLASS   SFR15          

        CLASS   SFR16          

        CLASS   SFR17          

        CLASS   SFR18          

        CLASS   SFR19          

        CLASS   SFR20          

        CLASS   SFR21          

        CLASS   SFR22          

        CLASS   SFR23          

        CLASS   SFR24          

        CLASS   SFR25          

        CLASS   SFR26          

        CLASS   SFR27          

        CLASS   SFR28          

        CLASS   SFR29          

        CLASS   SFR30          

        CLASS   SFR31          

        CLASS   CONFIG         
                config                             8007     8007        2         0

        CLASS   IDLOC          

        CLASS   EEDATA         

        CLASS   BANK31         

        CLASS   BANK30         

        CLASS   BANK29         

        CLASS   BANK28         

        CLASS   BANK27         

        CLASS   BANK26         

        CLASS   BANK25         

        CLASS   BANK24         

        CLASS   BANK23         

        CLASS   BANK22         

        CLASS   BANK21         

        CLASS   BANK20         

        CLASS   BANK19         

        CLASS   BANK18         

        CLASS   BANK17         

        CLASS   BANK16         

        CLASS   BANK15         

        CLASS   BANK14         

        CLASS   BANK13         



SEGMENTS        Name                           Load    Length   Top    Selector   Space  Class     Delta

                reset_vec                      000000  000002  000002         0       0  CODE        2
                intentry                       000004  0005FA  0005FE         8       0  CODE        2
                cstackBANK0                    000020  000050  000070        20       1  BANK0       1
                cstackCOMMON                   000070  00000E  00007E        70       1  COMMON      1
                bssBANK1                       0000A0  000050  0000F0        A0       1  BANK1       1
                bssBANK2                       000120  000026  000146       120       1  BANK2       1
                bssBANK3                       0001A0  000040  0001E0       1A0       1  BANK3       1
                stringtext                     000600  0000C4  0006C4         C       0  STRCODE     2
                text30                         0006C4  00013C  000800       D88       0  CODE        2
                text25                         000800  000005  000805      1000       0  CODE        2
                text21                         000805  000011  000816      100A       0  CODE        2
                text18                         000816  00001F  000835      102C       0  CODE        2
                text24                         000835  000023  000858      106A       0  CODE        2
                text20                         000858  000026  00087E      10B0       0  CODE        2
                text39                         00087E  000029  0008A7      10FC       0  CODE        2
                text36                         0008A7  000029  0008D0      114E       0  CODE        2
                text34                         0008D0  00002A  0008FA      11A0       0  CODE        2
                text7                          0008FA  00002A  000924      11F4       0  CODE        2
                text47                         000924  000032  000956      1248       0  CODE        2
                text35                         000956  000034  00098A      12AC       0  CODE        2
                text2                          00098A  000036  0009C0      1314       0  CODE        2
                text33                         0009C0  000039  0009F9      1380       0  CODE        2
                text26                         0009F9  000039  000A32      13F2       0  CODE        2
                text8                          000A32  000053  000A85      1464       0  CODE        2
                text14                         000A85  000061  000AE6      150A       0  CODE        2
                text32                         000AE6  000071  000B57      15CC       0  CODE        2
                text27                         000B57  000075  000BCC      16AE       0  CODE        2
                text44                         000BCC  000079  000C45      1798       0  CODE        2
                text9                          000C45  000087  000CCC      188A       0  CODE        2
                maintext                       000CCC  000087  000D53      1998       0  CODE        2
                text51                         000D53  00009C  000DEF      1AA6       0  CODE        2
                text12                         000DEF  0000A9  000E98      1BDE       0  CODE        2
                text46                         000E98  0000B4  000F4C      1D30       0  CODE        2
                text11                         000F4C  0000B4  001000      1E98       0  CODE        2
                text52                         0016DC  000004  0016E0      2DB8       0  CODE        2
                text53                         0016E0  000005  0016E5      2DC0       0  CODE        2
                text40                         0016E5  000005  0016EA      2DCA       0  CODE        2
                text49                         0016EA  000006  0016F0      2DD4       0  CODE        2
                text42                         0016F0  000006  0016F6      2DE0       0  CODE        2
                text4                          0016F6  000006  0016FC      2DEC       0  CODE        2
                inittext                       0016FC  000006  001702      2DF8       0  CODE        2
                text22                         001702  000009  00170B      2E04       0  CODE        2
                text10                         00170B  000009  001714      2E16       0  CODE        2
                text28                         001714  00000C  001720      2E28       0  CODE        2
                text3                          001720  00000E  00172E      2E40       0  CODE        2
                text38                         00172E  00000F  00173D      2E5C       0  CODE        2
                text17                         00173D  00000F  00174C      2E7A       0  CODE        2
                text1                          00174C  00000F  00175B      2E98       0  CODE        2
                text16                         00175B  000010  00176B      2EB6       0  CODE        2
                idataBANK2                     00176B  000010  00177B      2ED6       0  CODE        2
                text23                         00177B  000018  001793      2EF6       0  CODE        2
                text19                         001793  000018  0017AB      2F26       0  CODE        2
                text45                         0017AB  00001B  0017C6      2F56       0  CODE        2
                text41                         0017C6  00001D  0017E3      2F8C       0  CODE        2
                text5                          0017E3  00001D  001800      2FC6       0  CODE        2
                config                         008007  000002  008009     1000E       0  CONFIG      2


UNUSED ADDRESS RANGES

        Name                Unused          Largest block    Delta
        BANK10           00520-0056F              50           1
        BANK11           005A0-005EF              50           1
        BANK12           00620-0064F              30           1
        BANK2            00146-0016F              2A           1
        BANK3            001E0-001EF              10           1
        BANK4            00220-0026F              50           1
        BANK5            002A0-002EF              50           1
        BANK6            00320-0036F              50           1
        BANK7            003A0-003EF              50           1
        BANK8            00420-0046F              50           1
        BANK9            004A0-004EF              50           1
        BIGRAM           02000-023EF             3F0           1
        CODE             00002-00003               2           2
                         005FE-005FF               2
                         01000-016DB             6DC
                         01800-01FFF             800
        CONST            00002-00003               2           2
                         005FE-005FF               2
                         01000-016DB             100
                         01800-01FFF             100
        EEDATA           0F000-0F0FF             100           2
        ENTRY            00002-00003               2           2
                         005FE-005FF               2
                         01000-016DB             100
                         01800-01FFF             100
        IDLOC            08000-08003               4           2
        RAM              00146-0016F              2A           1
                         001E0-001EF              10
                         00220-0026F              50
                         002A0-002EF              50
                         00320-0036F              50
                         003A0-003EF              50
                         00420-0046F              50
                         004A0-004EF              50
                         00520-0056F              50
                         005A0-005EF              50
                         00620-0064F              30
        SFR0             00000-0001F              20           1
        SFR1             00080-0009F              20           1
        SFR10            00500-0051F              20           1
        SFR11            00580-0059F              20           1
        SFR12            00600-0061F              20           1
        SFR13            00680-006EF              70           1
        SFR14            00700-0076F              70           1
        SFR15            00780-007EF              70           1
        SFR16            00800-0086F              70           1
        SFR17            00880-008EF              70           1
        SFR18            00900-0096F              70           1
        SFR19            00980-009EF              70           1
        SFR2             00100-0011F              20           1
        SFR20            00A00-00A6F              70           1
        SFR21            00A80-00AEF              70           1
        SFR22            00B00-00B6F              70           1
        SFR23            00B80-00BEF              70           1
        SFR24            00C00-00C6F              70           1
        SFR25            00C80-00CEF              70           1
        SFR26            00D00-00D6F              70           1
        SFR27            00D80-00DEF              70           1
        SFR28            00E00-00E6F              70           1
        SFR29            00E80-00EEF              70           1
        SFR3             00180-0019F              20           1
        SFR30            00F00-00F6F              70           1
        SFR31            00F80-00FEF              70           1
        SFR4             00200-0021F              20           1
        SFR5             00280-0029F              20           1
        SFR6             00300-0031F              20           1
        SFR7             00380-0039F              20           1
        SFR8             00400-0041F              20           1
        SFR9             00480-0049F              20           1
        STACK            02130-0231F             1F0           1
        STRCODE          00002-00003               2           2
                         005FE-005FF               2
                         01000-016DB             6DC
                         01800-01FFF             800
        STRING           00002-00003               2           2
                         005FE-005FF               2
                         01000-016DB             100
                         01800-01FFF             100

                                  Symbol Table

?___aldiv                          cstackBANK0  00020
?___ftadd                          cstackBANK0  00031
?___ftdiv                          cstackBANK0  0002E
?___ftmul                          cstackBANK0  00028
?___ftneg                          cstackBANK0  0002E
?___ftpack                         cstackBANK0  00020
?___fttol                          cstackBANK0  00038
?___lldiv                          cstackBANK0  00020
?___lltoft                         cstackBANK0  00028
Adf_Lock@adj                       cstackBANK1  000DC
Adf_Lock@bias                      cstackBANK1  000DE
Adf_Write_Register_One@reg         cstackBANK0  0003F
Adf_Write_Register_One@reg_ptr     cstackBANK0  00043
Adf_Write_Register_Three@reg       cstackBANK1  000D8
Adf_Write_Register_Three@reg_ptr   cstackBANK1  000D4
Adf_Write_Register_Two@reg         cstackBANK0  0004F
Adf_Write_Register_Two@reg_ptr     cstackBANK0  0004B
Adf_Write_Register_Zero@reg        cstackBANK0  00053
Adf_Write_Register_Zero@reg_ptr    cstackBANK0  0004F
Ax25_Send_Byte@byte                cstackBANK0  0002C
Ax25_Send_Flag@byte                cstackBANK0  00026
Ax25_Send_Flag@i                   cstackBANK0  00027
Ax25_Send_Footer@final_crc         cstackBANK0  0002C
Ax25_Send_Header@addresses         cstackBANK0  00033
Ax25_Send_Header@i                 cstackBANK0  00034
Ax25_Send_Header@j                 cstackBANK0  00031
Ax25_Send_Header@num_addresses     cstackBANK0  0002C
Ax25_Send_String@i                 cstackBANK0  0002F
Ax25_Send_String@string            cstackBANK0  0002D
Ax25_Send_Sync@byte                cstackBANK0  00026
Ax25_Send_Sync@i                   cstackBANK0  00027
Delay_ms@i                         cstackBANK0  00024
Delay_ms@time_to_delay             cstackBANK0  00020
Reverse_Array@buffer_array         cstackBANK0  0002D
Reverse_Array@i                    cstackBANK0  00032
Reverse_Array@input                cstackBANK0  00031
Reverse_Array@length               cstackBANK0  00027
Send_Byte@byte                     cstackBANK0  00029
Send_Byte@i                        cstackBANK0  0002A
Send_Vcxo_Signal@value             cstackCOMMON 00070
Set_Freq@f_pfd                     cstackBANK0  00058
Set_Freq@freq                      cstackBANK0  00046
Set_Freq@m                         cstackBANK0  0004E
Set_Freq@n                         cstackBANK0  0005C
Set_Freq@ratio                     cstackBANK0  00052
Set_Freq@rest                      cstackBANK0  00055
Sinus_Generator@Audio_Signal       cstackCOMMON 00076
Sinus_Generator@tone_index         bssBANK1     000C9
Spi_Byte_Send@data                 cstackBANK0  00027
Spi_Byte_Send@data_to_send         cstackBANK0  00028
Spi_Byte_Send@i                    cstackBANK0  00029
Update_Crc@input_bit               cstackBANK0  00022
Write_Adf7012_Reg@i                cstackBANK0  0002D
Write_Adf7012_Reg@reg_value        cstackBANK0  0002C
Write_Adf7012_Reg@size_of_reg      cstackBANK0  0002A
_ADCON0                            (abs)        0009D
_ADCS0                             (abs)        004F4
_ADCS1                             (abs)        004F5
_ADCS2                             (abs)        004F6
_ADFM                              (abs)        004F7
_ADIE                              (abs)        0048E
_ADIF                              (abs)        0008E
_ADNREF                            (abs)        004F2
_ADON                              (abs)        004E8
_ADPREF0                           (abs)        004F0
_ADPREF1                           (abs)        004F1
_ADRESH                            (abs)        0009C
_ADRESL                            (abs)        0009B
_ANSA1                             (abs)        00C61
_Adc1_Start                        text49       016EA
_Adf_Lock                          text27       00B57
_Adf_Locked                        text37       007FD
_Adf_Reset                         text22       01702
_Adf_Reset_Config                  text17       0173D
_Adf_Reset_Register_One            text21       00805
_Adf_Reset_Register_Three          text20       00858
_Adf_Reset_Register_Two            text19       01793
_Adf_Reset_Register_Zero           text18       00816
_Adf_Write_Config                  text28       01714
_Adf_Write_Register_One            text32       00AE6
_Adf_Write_Register_Three          text31       00068
_Adf_Write_Register_Two            text30       006C4
_Adf_Write_Register_Zero           text29       004B5
_Ax25_Send_Byte                    text42       016F0
_Ax25_Send_Flag                    text48       0057C
_Ax25_Send_Footer                  text45       017AB
_Ax25_Send_Header                  text43       003DC
_Ax25_Send_String                  text41       017C6
_Ax25_Send_Sync                    text44       00BCC
_BAUD_RATE                         stringtext   006BA
_CCP1IE                            (abs)        0048A
_CCP1IF                            (abs)        0008A
_CCP1M1                            (abs)        01499
_CCP1M2                            (abs)        0149A
_CCP1M3                            (abs)        0149B
_CCPR1H                            (abs)        00292
_CCPR1L                            (abs)        00291
_DACCON1                           (abs)        00119
_DACEN                             (abs)        008C7
_DACNSS                            (abs)        008C0
_DACOE                             (abs)        008C5
_DACPSS0                           (abs)        008C2
_DACPSS1                           (abs)        008C3
_Dac0_Start_Hold                   text40       016E5
_Delay_ms                          text39       0087E
_Gpio_Config                       text16       0175B
_INTCON                            (abs)        0000B
_MODEM_TRANSMITTING                bssBANK1     000CA
_Modem_Flush_Frame                 text24       00835
_Modem_Init                        text23       0177B
_Modem_Setup                       text4        016F6
_OSCCON                            (abs)        00099
_OSCSTAT                           (abs)        0009A
_OSCTUNE                           (abs)        00098
_PHASE_DELTA_1200                  bssBANK2     00120
_PHASE_DELTA_2200                  bssBANK2     00124
_PIR1                              (abs)        00011
_PLAYBACK_RATE                     stringtext   006B6
_PORTAbits                         (abs)        0000C
_PORTCbits                         (abs)        0000E
_PSA                               (abs)        004AB
_PTT_OFF                           bssBANK1     000CB
_Ptt_Off                           text3        01720
_Ptt_On                            text26       009F9
_Radio_Setup                       text5        017E3
_Read_Adf7012_Muxout               text38       0172E
_Reverse_Array                     text35       00956
_SAMPLES_PER_BAUD                  bssBANK1     000CC
_Send_Byte                         text46       00E98
_Send_Vcxo_Signal                  text53       016E0
_Set_Freq                          text6        001D4
_Sinus_Generator                   text51       00D53
_Spi_Byte_Send                     text34       008D0
_System_Start                      text2        0098A
_Systick_Counter                   bssBANK2     00130
_T1CKPS0                           (abs)        000C4
_T1CKPS1                           (abs)        000C5
_TABLE_SIZE                        stringtext   006BC
_TMR0                              (abs)        00015
_TMR0CS                            (abs)        004AD
_TMR0IE                            (abs)        0005D
_TMR0IF                            (abs)        0005A
_TMR1CS0                           (abs)        000C6
_TMR1CS1                           (abs)        000C7
_TMR1GE                            (abs)        000CF
_TMR1H                             (abs)        00017
_TMR1IE                            (abs)        00488
_TMR1IF                            (abs)        00088
_TMR1L                             (abs)        00016
_TMR1ON                            (abs)        000C0
_TRISA                             (abs)        0008C
_TRISC                             (abs)        0008E
_Timer0_Start                      text25       00800
_Timer0_Stop                       text52       016DC
_Timer1_Start                      text1        0174C
_Update_Crc                        text47       00924
_Write_Adf7012_Reg                 text33       009C0
__CFG_BOREN$ON                     (abs)        00000
__CFG_BORV$LO                      (abs)        00000
__CFG_CLKOUTEN$OFF                 (abs)        00000
__CFG_CP$OFF                       (abs)        00000
__CFG_CPD$OFF                      (abs)        00000
__CFG_FCMEN$ON                     (abs)        00000
__CFG_FOSC$INTOSC                  (abs)        00000
__CFG_IESO$ON                      (abs)        00000
__CFG_LVP$ON                       (abs)        00000
__CFG_MCLRE$ON                     (abs)        00000
__CFG_PLLEN$ON                     (abs)        00000
__CFG_PWRTE$OFF                    (abs)        00000
__CFG_STVREN$ON                    (abs)        00000
__CFG_WDTE$OFF                     (abs)        00000
__CFG_WRT$OFF                      (abs)        00000
__Habs1                            abs1         00000
__Hbank0                           bank0        00000
__Hbank1                           bank1        00000
__Hbank10                          bank10       00000
__Hbank11                          bank11       00000
__Hbank12                          bank12       00000
__Hbank13                          bank13       00000
__Hbank14                          bank14       00000
__Hbank15                          bank15       00000
__Hbank16                          bank16       00000
__Hbank17                          bank17       00000
__Hbank18                          bank18       00000
__Hbank19                          bank19       00000
__Hbank2                           bank2        00000
__Hbank20                          bank20       00000
__Hbank21                          bank21       00000
__Hbank22                          bank22       00000
__Hbank23                          bank23       00000
__Hbank24                          bank24       00000
__Hbank25                          bank25       00000
__Hbank26                          bank26       00000
__Hbank27                          bank27       00000
__Hbank28                          bank28       00000
__Hbank29                          bank29       00000
__Hbank3                           bank3        00000
__Hbank30                          bank30       00000
__Hbank31                          bank31       00000
__Hbank4                           bank4        00000
__Hbank5                           bank5        00000
__Hbank6                           bank6        00000
__Hbank7                           bank7        00000
__Hbank8                           bank8        00000
__Hbank9                           bank9        00000
__Hbigram                          bigram       00000
__HbssBANK1                        bssBANK1     00000
__HbssBANK2                        bssBANK2     00000
__HbssBANK3                        bssBANK3     00000
__HbssCOMMON                       bssCOMMON    00000
__Hcinit                           cinit        00068
__Hclrtext                         clrtext      00000
__Hcode                            code         00000
__Hcommon                          common       00000
__Hconfig                          config       08009
__HcstackBANK0                     cstackBANK0  00000
__HcstackBANK1                     cstackBANK1  00000
__HcstackCOMMON                    cstackCOMMON 00000
__HdataBANK2                       dataBANK2    00000
__Heeprom_data                     eeprom_data  00000
__Hend_init                        end_init     0003C
__Hfunctab                         functab      00000
__HidataBANK2                      idataBANK2   00000
__Hidloc                           idloc        00000
__Hinit                            init         0003A
__Hinittext                        inittext     00000
__Hintentry                        intentry     0003A
__Hmaintext                        maintext     00000
__Hpowerup                         powerup      00000
__Hram                             ram          00000
__Hreset_vec                       reset_vec    00002
__Hsfr0                            sfr0         00000
__Hsfr1                            sfr1         00000
__Hsfr10                           sfr10        00000
__Hsfr11                           sfr11        00000
__Hsfr12                           sfr12        00000
__Hsfr13                           sfr13        00000
__Hsfr14                           sfr14        00000
__Hsfr15                           sfr15        00000
__Hsfr16                           sfr16        00000
__Hsfr17                           sfr17        00000
__Hsfr18                           sfr18        00000
__Hsfr19                           sfr19        00000
__Hsfr2                            sfr2         00000
__Hsfr20                           sfr20        00000
__Hsfr21                           sfr21        00000
__Hsfr22                           sfr22        00000
__Hsfr23                           sfr23        00000
__Hsfr24                           sfr24        00000
__Hsfr25                           sfr25        00000
__Hsfr26                           sfr26        00000
__Hsfr27                           sfr27        00000
__Hsfr28                           sfr28        00000
__Hsfr29                           sfr29        00000
__Hsfr3                            sfr3         00000
__Hsfr30                           sfr30        00000
__Hsfr31                           sfr31        00000
__Hsfr4                            sfr4         00000
__Hsfr5                            sfr5         00000
__Hsfr6                            sfr6         00000
__Hsfr7                            sfr7         00000
__Hsfr8                            sfr8         00000
__Hsfr9                            sfr9         00000
__Hspace_0                         (abs)        08009
__Hspace_1                         (abs)        001E0
__Hspace_2                         (abs)        00000
__Hspace_3                         (abs)        00000
__Hstack                           stack        00000
__Hstrings                         strings      00000
__Hstringtext                      stringtext   00000
__Htext                            text         00000
__Labs1                            abs1         00000
__Lbank0                           bank0        00000
__Lbank1                           bank1        00000
__Lbank10                          bank10       00000
__Lbank11                          bank11       00000
__Lbank12                          bank12       00000
__Lbank13                          bank13       00000
__Lbank14                          bank14       00000
__Lbank15                          bank15       00000
__Lbank16                          bank16       00000
__Lbank17                          bank17       00000
__Lbank18                          bank18       00000
__Lbank19                          bank19       00000
__Lbank2                           bank2        00000
__Lbank20                          bank20       00000
__Lbank21                          bank21       00000
__Lbank22                          bank22       00000
__Lbank23                          bank23       00000
__Lbank24                          bank24       00000
__Lbank25                          bank25       00000
__Lbank26                          bank26       00000
__Lbank27                          bank27       00000
__Lbank28                          bank28       00000
__Lbank29                          bank29       00000
__Lbank3                           bank3        00000
__Lbank30                          bank30       00000
__Lbank31                          bank31       00000
__Lbank4                           bank4        00000
__Lbank5                           bank5        00000
__Lbank6                           bank6        00000
__Lbank7                           bank7        00000
__Lbank8                           bank8        00000
__Lbank9                           bank9        00000
__Lbigram                          bigram       00000
__LbssBANK1                        bssBANK1     00000
__LbssBANK2                        bssBANK2     00000
__LbssBANK3                        bssBANK3     00000
__LbssCOMMON                       bssCOMMON    00000
__Lcinit                           cinit        0003C
__Lclrtext                         clrtext      00000
__Lcode                            code         00000
__Lcommon                          common       00000
__Lconfig                          config       08007
__LcstackBANK0                     cstackBANK0  00000
__LcstackBANK1                     cstackBANK1  00000
__LcstackCOMMON                    cstackCOMMON 00000
__LdataBANK2                       dataBANK2    00000
__Leeprom_data                     eeprom_data  00000
__Lend_init                        end_init     0003A
__Lfunctab                         functab      00000
__LidataBANK2                      idataBANK2   00000
__Lidloc                           idloc        00000
__Linit                            init         0003A
__Linittext                        inittext     00000
__Lintentry                        intentry     00004
__Lmaintext                        maintext     00000
__Lpowerup                         powerup      00000
__Lram                             ram          00000
__Lreset_vec                       reset_vec    00000
__Lsfr0                            sfr0         00000
__Lsfr1                            sfr1         00000
__Lsfr10                           sfr10        00000
__Lsfr11                           sfr11        00000
__Lsfr12                           sfr12        00000
__Lsfr13                           sfr13        00000
__Lsfr14                           sfr14        00000
__Lsfr15                           sfr15        00000
__Lsfr16                           sfr16        00000
__Lsfr17                           sfr17        00000
__Lsfr18                           sfr18        00000
__Lsfr19                           sfr19        00000
__Lsfr2                            sfr2         00000
__Lsfr20                           sfr20        00000
__Lsfr21                           sfr21        00000
__Lsfr22                           sfr22        00000
__Lsfr23                           sfr23        00000
__Lsfr24                           sfr24        00000
__Lsfr25                           sfr25        00000
__Lsfr26                           sfr26        00000
__Lsfr27                           sfr27        00000
__Lsfr28                           sfr28        00000
__Lsfr29                           sfr29        00000
__Lsfr3                            sfr3         00000
__Lsfr30                           sfr30        00000
__Lsfr31                           sfr31        00000
__Lsfr4                            sfr4         00000
__Lsfr5                            sfr5         00000
__Lsfr6                            sfr6         00000
__Lsfr7                            sfr7         00000
__Lsfr8                            sfr8         00000
__Lsfr9                            sfr9         00000
__Lspace_0                         (abs)        00000
__Lspace_1                         (abs)        00000
__Lspace_2                         (abs)        00000
__Lspace_3                         (abs)        00000
__Lstack                           stack        00000
__Lstrings                         strings      00000
__Lstringtext                      stringtext   00000
__Ltext                            text         00000
__S0                               (abs)        08009
__S1                               (abs)        001E0
__S2                               (abs)        00000
__S3                               (abs)        00000
___aldiv                           text15       0077B
___aldiv@counter                   cstackBANK0  00029
___aldiv@dividend                  cstackBANK0  00024
___aldiv@divisor                   cstackBANK0  00020
___aldiv@quotient                  cstackBANK0  0002B
___aldiv@sign                      cstackBANK0  0002A
___ftadd                           text13       002E6
___ftadd@exp1                      cstackBANK0  0003D
___ftadd@exp2                      cstackBANK0  0003C
___ftadd@f1                        cstackBANK0  00031
___ftadd@f2                        cstackBANK0  00034
___ftadd@sign                      cstackBANK0  0003B
___ftdiv                           text12       00DEF
___ftdiv@cntr                      cstackBANK0  00038
___ftdiv@exp                       cstackBANK0  0003C
___ftdiv@f1                        cstackBANK0  00031
___ftdiv@f2                        cstackBANK0  0002E
___ftdiv@f3                        cstackBANK0  00039
___ftdiv@sign                      cstackBANK0  0003D
___ftmul                           text11       00F4C
___ftmul@cntr                      cstackBANK0  00036
___ftmul@exp                       cstackBANK0  00032
___ftmul@f1                        cstackBANK0  00028
___ftmul@f2                        cstackBANK0  0002B
___ftmul@f3_as_product             cstackBANK0  00033
___ftmul@sign                      cstackBANK0  00037
___ftneg                           text10       0170B
___ftneg@f1                        cstackBANK0  0002E
___ftpack                          text14       00A85
___ftpack@arg                      cstackBANK0  00020
___ftpack@exp                      cstackBANK0  00023
___ftpack@sign                     cstackBANK0  00024
___fttol                           text9        00C45
___fttol@exp1                      cstackBANK0  00045
___fttol@f1                        cstackBANK0  00038
___fttol@lval                      cstackBANK0  00041
___fttol@sign1                     cstackBANK0  00040
___int_sp                          stack        00000
___latbits                         (abs)        00002
___lldiv                           text8        00A32
___lldiv@counter                   cstackBANK0  0002D
___lldiv@dividend                  cstackBANK0  00024
___lldiv@divisor                   cstackBANK0  00020
___lldiv@quotient                  cstackBANK0  00029
___lltoft                          text7        008FA
___lltoft@c                        cstackBANK0  00028
___lltoft@exp                      cstackBANK0  0002D
___sp                              stack        00000
__end_of_Adc1_Start                text49       016F0
__end_of_Adf_Lock                  text27       00BCC
__end_of_Adf_Locked                text37       00800
__end_of_Adf_Reset                 text22       0170B
__end_of_Adf_Reset_Config          text17       0174C
__end_of_Adf_Reset_Register_One    text21       00816
__end_of_Adf_Reset_Register_Three  text20       0087E
__end_of_Adf_Reset_Register_Two    text19       017AB
__end_of_Adf_Reset_Register_Zero   text18       00835
__end_of_Adf_Write_Config          text28       01720
__end_of_Adf_Write_Register_One    text32       00B57
__end_of_Adf_Write_Register_Three  text31       001D4
__end_of_Adf_Write_Register_Two    text30       0077B
__end_of_Adf_Write_Register_Zero   text29       0057C
__end_of_Ax25_Send_Byte            text42       016F6
__end_of_Ax25_Send_Flag            text48       005F8
__end_of_Ax25_Send_Footer          text45       017C6
__end_of_Ax25_Send_Header          text43       004B5
__end_of_Ax25_Send_String          text41       017E3
__end_of_Ax25_Send_Sync            text44       00C45
__end_of_BAUD_RATE                 stringtext   006BC
__end_of_Dac0_Start_Hold           text40       016EA
__end_of_Delay_ms                  text39       008A7
__end_of_Gpio_Config               text16       0176B
__end_of_Modem_Flush_Frame         text24       00858
__end_of_Modem_Init                text23       01793
__end_of_Modem_Setup               text4        016FC
__end_of_PLAYBACK_RATE             stringtext   006BA
__end_of_Ptt_Off                   text3        0172E
__end_of_Ptt_On                    text26       00A32
__end_of_Radio_Setup               text5        01800
__end_of_Read_Adf7012_Muxout       text38       0173D
__end_of_Reverse_Array             text35       0098A
__end_of_Send_Byte                 text46       00F4C
__end_of_Send_Vcxo_Signal          text53       016E5
__end_of_Set_Freq                  text6        002E6
__end_of_Sinus_Generator           text51       00DEF
__end_of_Spi_Byte_Send             text34       008FA
__end_of_System_Start              text2        009C0
__end_of_TABLE_SIZE                stringtext   006BE
__end_of_Timer0_Start              text25       00805
__end_of_Timer0_Stop               text52       016E0
__end_of_Timer1_Start              text1        0175B
__end_of_Update_Crc                text47       00956
__end_of_Write_Adf7012_Reg         text33       009F9
__end_of___aldiv                   text15       007FD
__end_of___ftadd                   text13       003DC
__end_of___ftdiv                   text12       00E98
__end_of___ftmul                   text11       01000
__end_of___ftneg                   text10       01714
__end_of___ftpack                  text14       00AE6
__end_of___fttol                   text9        00CCC
__end_of___lldiv                   text8        00A85
__end_of___lltoft                  text7        00924
__end_of__initialization           cinit        00064
__end_of__stringdata               stringtext   006C4
__end_of_global_interrupt          intentry     0003A
__end_of_main                      maintext     00D53
__end_of_memcpy                    text36       008D0
__end_of_sine_table2               stringtext   006B6
__initialization                   cinit        0003C
__pbssBANK1                        bssBANK1     000A0
__pbssBANK2                        bssBANK2     00120
__pbssBANK3                        bssBANK3     001A0
__pbssCOMMON                       bssCOMMON    00079
__pcstackBANK0                     cstackBANK0  00020
__pcstackBANK1                     cstackBANK1  000D4
__pcstackCOMMON                    cstackCOMMON 00070
__pdataBANK2                       dataBANK2    00136
__pidataBANK2                      idataBANK2   0176B
__pintentry                        intentry     00004
__pmaintext                        maintext     00CCC
__pstringtext                      stringtext   00600
__ptext1                           text1        0174C
__ptext10                          text10       0170B
__ptext11                          text11       00F4C
__ptext12                          text12       00DEF
__ptext13                          text13       002E6
__ptext14                          text14       00A85
__ptext15                          text15       0077B
__ptext16                          text16       0175B
__ptext17                          text17       0173D
__ptext18                          text18       00816
__ptext19                          text19       01793
__ptext2                           text2        0098A
__ptext20                          text20       00858
__ptext21                          text21       00805
__ptext22                          text22       01702
__ptext23                          text23       0177B
__ptext24                          text24       00835
__ptext25                          text25       00800
__ptext26                          text26       009F9
__ptext27                          text27       00B57
__ptext28                          text28       01714
__ptext29                          text29       004B5
__ptext3                           text3        01720
__ptext30                          text30       006C4
__ptext31                          text31       00068
__ptext32                          text32       00AE6
__ptext33                          text33       009C0
__ptext34                          text34       008D0
__ptext35                          text35       00956
__ptext36                          text36       008A7
__ptext37                          text37       007FD
__ptext38                          text38       0172E
__ptext39                          text39       0087E
__ptext4                           text4        016F6
__ptext40                          text40       016E5
__ptext41                          text41       017C6
__ptext42                          text42       016F0
__ptext43                          text43       003DC
__ptext44                          text44       00BCC
__ptext45                          text45       017AB
__ptext46                          text46       00E98
__ptext47                          text47       00924
__ptext48                          text48       0057C
__ptext49                          text49       016EA
__ptext5                           text5        017E3
__ptext51                          text51       00D53
__ptext52                          text52       016DC
__ptext53                          text53       016E0
__ptext6                           text6        001D4
__ptext7                           text7        008FA
__ptext8                           text8        00A32
__ptext9                           text9        00C45
__size_of_Adc1_Start               (abs)        00000
__size_of_Adf_Lock                 (abs)        00000
__size_of_Adf_Locked               (abs)        00000
__size_of_Adf_Reset                (abs)        00000
__size_of_Adf_Reset_Config         (abs)        00000
__size_of_Adf_Reset_Register_One   (abs)        00000
__size_of_Adf_Reset_Register_Three (abs)        00000
__size_of_Adf_Reset_Register_Two   (abs)        00000
__size_of_Adf_Reset_Register_Zero  (abs)        00000
__size_of_Adf_Write_Config         (abs)        00000
__size_of_Adf_Write_Register_One   (abs)        00000
__size_of_Adf_Write_Register_Three (abs)        00000
__size_of_Adf_Write_Register_Two   (abs)        00000
__size_of_Adf_Write_Register_Zero  (abs)        00000
__size_of_Ax25_Send_Byte           (abs)        00000
__size_of_Ax25_Send_Flag           (abs)        00000
__size_of_Ax25_Send_Footer         (abs)        00000
__size_of_Ax25_Send_Header         (abs)        00000
__size_of_Ax25_Send_String         (abs)        00000
__size_of_Ax25_Send_Sync           (abs)        00000
__size_of_Dac0_Start_Hold          (abs)        00000
__size_of_Delay_ms                 (abs)        00000
__size_of_Gpio_Config              (abs)        00000
__size_of_Modem_Flush_Frame        (abs)        00000
__size_of_Modem_Init               (abs)        00000
__size_of_Modem_Setup              (abs)        00000
__size_of_Ptt_Off                  (abs)        00000
__size_of_Ptt_On                   (abs)        00000
__size_of_Radio_Setup              (abs)        00000
__size_of_Read_Adf7012_Muxout      (abs)        00000
__size_of_Reverse_Array            (abs)        00000
__size_of_Send_Byte                (abs)        00000
__size_of_Send_Vcxo_Signal         (abs)        00000
__size_of_Set_Freq                 (abs)        00000
__size_of_Sinus_Generator          (abs)        00000
__size_of_Spi_Byte_Send            (abs)        00000
__size_of_System_Start             (abs)        00000
__size_of_Timer0_Start             (abs)        00000
__size_of_Timer0_Stop              (abs)        00000
__size_of_Timer1_Start             (abs)        00000
__size_of_Update_Crc               (abs)        00000
__size_of_Write_Adf7012_Reg        (abs)        00000
__size_of___aldiv                  (abs)        00000
__size_of___ftadd                  (abs)        00000
__size_of___ftdiv                  (abs)        00000
__size_of___ftmul                  (abs)        00000
__size_of___ftneg                  (abs)        00000
__size_of___ftpack                 (abs)        00000
__size_of___fttol                  (abs)        00000
__size_of___lldiv                  (abs)        00000
__size_of___lltoft                 (abs)        00000
__size_of_global_interrupt         (abs)        00000
__size_of_main                     (abs)        00000
__size_of_memcpy                   (abs)        00000
__stringdata                       stringtext   006BE
_adc_sonuc_high                    bssBANK1     000CD
_adc_sonuc_low                     bssBANK1     000CE
_adf_config                        bssBANK1     000A0
_crc                               bssBANK1     000C7
_current_byte                      bssBANK1     000CF
_current_sample_in_baud            bssBANK1     000D0
_dac_flag                          bssBANK2     00132
_global_interrupt                  intentry     00004
_main                              maintext     00CCC
_memcpy                            text36       008A7
_modem_packet                      bssBANK3     001A0
_modem_packet_size                 bssCOMMON    00079
_ones_in_a_row                     bssBANK2     00134
_packet_pos                        bssBANK2     00128
_phase                             bssCOMMON    0007D
_phase_delta                       bssBANK1     000D1
_powerlevel                        bssBANK2     0012C
_sine_table2                       stringtext   00600
_test                              bssBANK1     000D2
_test2                             bssBANK1     000D3
btemp                              (abs)        0007E
clear_ram0                         clrtext      005F8
end_of_initialization              cinit        00064
init_ram                           inittext     016FC
intlevel0                          functab      00000
intlevel1                          functab      00000
intlevel2                          functab      00000
intlevel3                          functab      00000
intlevel4                          functab      00000
intlevel5                          functab      00000
ltemp                              (abs)        0007E
ltemp0                             (abs)        0007E
ltemp1                             (abs)        00082
ltemp2                             (abs)        00086
ltemp3                             (abs)        00080
main@F3176                         dataBANK2    00136
main@beacon_address                cstackBANK1  000E0
memcpy@d                           cstackBANK0  00024
memcpy@d1                          cstackBANK0  00026
memcpy@n                           cstackBANK0  00021
memcpy@s                           cstackBANK0  00025
memcpy@s1                          cstackBANK0  00020
pic14e$flags                       (abs)        0007E
reset_vec                          reset_vec    00000
stackhi                            (abs)        0231F
stacklo                            (abs)        02130
start                              init         0003A
start_initialization               cinit        0003C
ttemp                              (abs)        0007E
ttemp0                             (abs)        0007E
ttemp1                             (abs)        00081
ttemp2                             (abs)        00084
ttemp3                             (abs)        00087
ttemp4                             (abs)        0007F
wtemp                              (abs)        0007E
wtemp0                             (abs)        0007E
wtemp1                             (abs)        00080
wtemp2                             (abs)        00082
wtemp3                             (abs)        00084
wtemp4                             (abs)        00086
wtemp5                             (abs)        00088
wtemp6                             (abs)        0007F


FUNCTION INFORMATION:

 *************** function _main *****************
 Defined at:
		line 165 in file "main.c"
 Parameters:    Size  Location     Type
		None
 Auto vars:     Size  Location     Type
  beacon_addre   16   12[BANK1 ] struct .[2]
  adc_sonuc       2    0        unsigned int 
 Return value:  Size  Location     Type
                  2  131[COMMON] int 
 Registers used:
		wreg, fsr0l, fsr0h, fsr1l, fsr1h, status,2, status,0, pclath, cstack
 Tracked objects:
		On entry : 
		On exit  : 
		Unchanged: 
 Data sizes:     COMMON   BANK0   BANK1   BANK2   BANK3   BANK4   BANK5   BANK6   BANK7   BANK8   BANK9  BANK10  BANK11  BANK12
      Params:         0       0       0       0       0       0       0       0       0       0       0       0       0       0
      Locals:         0       0      16       0       0       0       0       0       0       0       0       0       0       0
      Temps:          0       1       0       0       0       0       0       0       0       0       0       0       0       0
      Totals:         0       1      16       0       0       0       0       0       0       0       0       0       0       0
Total ram usage:       17 bytes
 Hardware stack levels required when called:   12
 This function calls:
		_Adc1_Start
		_Ax25_Send_Footer
		_Ax25_Send_Header
		_Ax25_Send_String
		_Dac0_Start_Hold
		_Delay_ms
		_Gpio_Config
		_Modem_Flush_Frame
		_Modem_Setup
		_Ptt_Off
		_Ptt_On
		_System_Start
		_Timer1_Start
 This function is called by:
		Startup code after reset
 This function uses a non-reentrant model


 *************** function _Timer1_Start *****************
 Defined at:
		line 263 in file "utility.c"
 Parameters:    Size  Location     Type
		None
 Auto vars:     Size  Location     Type
		None
 Return value:  Size  Location     Type
		None               void
 Registers used:
		wreg, status,2
 Tracked objects:
		On entry : 
		On exit  : 
		Unchanged: 
 Data sizes:     COMMON   BANK0   BANK1   BANK2   BANK3   BANK4   BANK5   BANK6   BANK7   BANK8   BANK9  BANK10  BANK11  BANK12
      Params:         0       0       0       0       0       0       0       0       0       0       0       0       0       0
      Locals:         0       0       0       0       0       0       0       0       0       0       0       0       0       0
      Temps:          0       0       0       0       0       0       0       0       0       0       0       0       0       0
      Totals:         0       0       0       0       0       0       0       0       0       0       0       0       0       0
Total ram usage:        0 bytes
 Hardware stack levels used:    1
 Hardware stack levels required when called:    3
 This function calls:
		Nothing
 This function is called by:
		_main
 This function uses a non-reentrant model


 *************** function _System_Start *****************
 Defined at:
		line 94 in file "main.c"
 Parameters:    Size  Location     Type
		None
 Auto vars:     Size  Location     Type
		None
 Return value:  Size  Location     Type
		None               void
 Registers used:
		wreg, status,2, status,0
 Tracked objects:
		On entry : 
		On exit  : 
		Unchanged: 
 Data sizes:     COMMON   BANK0   BANK1   BANK2   BANK3   BANK4   BANK5   BANK6   BANK7   BANK8   BANK9  BANK10  BANK11  BANK12
      Params:         0       0       0       0       0       0       0       0       0       0       0       0       0       0
      Locals:         0       0       0       0       0       0       0       0       0       0       0       0       0       0
      Temps:          0       1       0       0       0       0       0       0       0       0       0       0       0       0
      Totals:         0       1       0       0       0       0       0       0       0       0       0       0       0       0
Total ram usage:        1 bytes
 Hardware stack levels used:    1
 Hardware stack levels required when called:    3
 This function calls:
		Nothing
 This function is called by:
		_main
 This function uses a non-reentrant model


 *************** function _Ptt_Off *****************
 Defined at:
		line 351 in file "adf7012.c"
 Parameters:    Size  Location     Type
		None
 Auto vars:     Size  Location     Type
		None
 Return value:  Size  Location     Type
		None               void
 Registers used:
		wreg, fsr1l, fsr1h, status,2, status,0, pclath, cstack
 Tracked objects:
		On entry : 
		On exit  : 
		Unchanged: 
 Data sizes:     COMMON   BANK0   BANK1   BANK2   BANK3   BANK4   BANK5   BANK6   BANK7   BANK8   BANK9  BANK10  BANK11  BANK12
      Params:         0       0       0       0       0       0       0       0       0       0       0       0       0       0
      Locals:         0       0       0       0       0       0       0       0       0       0       0       0       0       0
      Temps:          0       0       0       0       0       0       0       0       0       0       0       0       0       0
      Totals:         0       0       0       0       0       0       0       0       0       0       0       0       0       0
Total ram usage:        0 bytes
 Hardware stack levels used:    1
 Hardware stack levels required when called:    9
 This function calls:
		_Adf_Write_Config
		_Delay_ms
 This function is called by:
		_main
 This function uses a non-reentrant model


 *************** function _Modem_Setup *****************
 Defined at:
		line 48 in file "audio_tone.c"
 Parameters:    Size  Location     Type
		None
 Auto vars:     Size  Location     Type
		None
 Return value:  Size  Location     Type
		None               void
 Registers used:
		wreg, fsr1l, fsr1h, status,2, status,0, pclath, cstack
 Tracked objects:
		On entry : 
		On exit  : 
		Unchanged: 
 Data sizes:     COMMON   BANK0   BANK1   BANK2   BANK3   BANK4   BANK5   BANK6   BANK7   BANK8   BANK9  BANK10  BANK11  BANK12
      Params:         0       0       0       0       0       0       0       0       0       0       0       0       0       0
      Locals:         0       0       0       0       0       0       0       0       0       0       0       0       0       0
      Temps:          0       0       0       0       0       0       0       0       0       0       0       0       0       0
      Totals:         0       0       0       0       0       0       0       0       0       0       0       0       0       0
Total ram usage:        0 bytes
 Hardware stack levels used:    1
 Hardware stack levels required when called:   10
 This function calls:
		_Modem_Init
		_Radio_Setup
 This function is called by:
		_main
 This function uses a non-reentrant model


 *************** function _Radio_Setup *****************
 Defined at:
		line 304 in file "adf7012.c"
 Parameters:    Size  Location     Type
		None
 Auto vars:     Size  Location     Type
		None
 Return value:  Size  Location     Type
		None               void
 Registers used:
		wreg, fsr1l, fsr1h, status,2, status,0, pclath, cstack
 Tracked objects:
		On entry : 
		On exit  : 
		Unchanged: 
 Data sizes:     COMMON   BANK0   BANK1   BANK2   BANK3   BANK4   BANK5   BANK6   BANK7   BANK8   BANK9  BANK10  BANK11  BANK12
      Params:         0       0       0       0       0       0       0       0       0       0       0       0       0       0
      Locals:         0       0       0       0       0       0       0       0       0       0       0       0       0       0
      Temps:          0       0       0       0       0       0       0       0       0       0       0       0       0       0
      Totals:         0       0       0       0       0       0       0       0       0       0       0       0       0       0
Total ram usage:        0 bytes
 Hardware stack levels used:    1
 Hardware stack levels required when called:    9
 This function calls:
		_Adf_Reset_Config
		_Adf_Write_Config
		_Delay_ms
		_Gpio_Config
		_Set_Freq
 This function is called by:
		_Modem_Setup
 This function uses a non-reentrant model


 *************** function _Set_Freq *****************
 Defined at:
		line 277 in file "adf7012.c"
 Parameters:    Size  Location     Type
  freq            4   38[BANK0 ] unsigned long 
 Auto vars:     Size  Location     Type
  n               4   60[BANK0 ] unsigned long 
  f_pfd           4   56[BANK0 ] unsigned long 
  m               4   46[BANK0 ] unsigned long 
  rest            3   53[BANK0 ] float 
  ratio           3   50[BANK0 ] float 
 Return value:  Size  Location     Type
		None               void
 Registers used:
		wreg, status,2, status,0, pclath, cstack
 Tracked objects:
		On entry : 
		On exit  : 
		Unchanged: 
 Data sizes:     COMMON   BANK0   BANK1   BANK2   BANK3   BANK4   BANK5   BANK6   BANK7   BANK8   BANK9  BANK10  BANK11  BANK12
      Params:         0       4       0       0       0       0       0       0       0       0       0       0       0       0
      Locals:         0      18       0       0       0       0       0       0       0       0       0       0       0       0
      Temps:          0       4       0       0       0       0       0       0       0       0       0       0       0       0
      Totals:         0      26       0       0       0       0       0       0       0       0       0       0       0       0
Total ram usage:       26 bytes
 Hardware stack levels used:    1
 Hardware stack levels required when called:    5
 This function calls:
		___aldiv
		___ftadd
		___ftdiv
		___ftmul
		___ftneg
		___fttol
		___lldiv
		___lltoft
 This function is called by:
		_Radio_Setup
		_Modem_Set_Tx_Freq
 This function uses a non-reentrant model


 *************** function ___lltoft *****************
 Defined at:
		line 35 in file "C:\Program Files (x86)\Microchip\xc8\v1.33\sources\common\lltoft.c"
 Parameters:    Size  Location     Type
  c               4    8[BANK0 ] unsigned long 
 Auto vars:     Size  Location     Type
  exp             1   13[BANK0 ] unsigned char 
 Return value:  Size  Location     Type
                  3    8[BANK0 ] float 
 Registers used:
		wreg, status,2, status,0, pclath, cstack
 Tracked objects:
		On entry : 
		On exit  : 
		Unchanged: 
 Data sizes:     COMMON   BANK0   BANK1   BANK2   BANK3   BANK4   BANK5   BANK6   BANK7   BANK8   BANK9  BANK10  BANK11  BANK12
      Params:         0       4       0       0       0       0       0       0       0       0       0       0       0       0
      Locals:         0       1       0       0       0       0       0       0       0       0       0       0       0       0
      Temps:          0       1       0       0       0       0       0       0       0       0       0       0       0       0
      Totals:         0       6       0       0       0       0       0       0       0       0       0       0       0       0
Total ram usage:        6 bytes
 Hardware stack levels used:    1
 Hardware stack levels required when called:    4
 This function calls:
		___ftpack
 This function is called by:
		_Set_Freq
 This function uses a non-reentrant model


 *************** function ___lldiv *****************
 Defined at:
		line 6 in file "C:\Program Files (x86)\Microchip\xc8\v1.33\sources\common\lldiv.c"
 Parameters:    Size  Location     Type
  divisor         4    0[BANK0 ] unsigned long 
  dividend        4    4[BANK0 ] unsigned long 
 Auto vars:     Size  Location     Type
  quotient        4    9[BANK0 ] unsigned long 
  counter         1   13[BANK0 ] unsigned char 
 Return value:  Size  Location     Type
                  4    0[BANK0 ] unsigned long 
 Registers used:
		wreg, status,2, status,0
 Tracked objects:
		On entry : 
		On exit  : 
		Unchanged: 
 Data sizes:     COMMON   BANK0   BANK1   BANK2   BANK3   BANK4   BANK5   BANK6   BANK7   BANK8   BANK9  BANK10  BANK11  BANK12
      Params:         0       8       0       0       0       0       0       0       0       0       0       0       0       0
      Locals:         0       5       0       0       0       0       0       0       0       0       0       0       0       0
      Temps:          0       1       0       0       0       0       0       0       0       0       0       0       0       0
      Totals:         0      14       0       0       0       0       0       0       0       0       0       0       0       0
Total ram usage:       14 bytes
 Hardware stack levels used:    1
 Hardware stack levels required when called:    3
 This function calls:
		Nothing
 This function is called by:
		_Set_Freq
 This function uses a non-reentrant model


 *************** function ___fttol *****************
 Defined at:
		line 44 in file "C:\Program Files (x86)\Microchip\xc8\v1.33\sources\common\fttol.c"
 Parameters:    Size  Location     Type
  f1              3   24[BANK0 ] float 
 Auto vars:     Size  Location     Type
  lval            4   33[BANK0 ] unsigned long 
  exp1            1   37[BANK0 ] unsigned char 
  sign1           1   32[BANK0 ] unsigned char 
 Return value:  Size  Location     Type
                  4   24[BANK0 ] long 
 Registers used:
		wreg, status,2, status,0
 Tracked objects:
		On entry : 
		On exit  : 
		Unchanged: 
 Data sizes:     COMMON   BANK0   BANK1   BANK2   BANK3   BANK4   BANK5   BANK6   BANK7   BANK8   BANK9  BANK10  BANK11  BANK12
      Params:         0       4       0       0       0       0       0       0       0       0       0       0       0       0
      Locals:         0       6       0       0       0       0       0       0       0       0       0       0       0       0
      Temps:          0       4       0       0       0       0       0       0       0       0       0       0       0       0
      Totals:         0      14       0       0       0       0       0       0       0       0       0       0       0       0
Total ram usage:       14 bytes
 Hardware stack levels used:    1
 Hardware stack levels required when called:    3
 This function calls:
		Nothing
 This function is called by:
		_Set_Freq
 This function uses a non-reentrant model


 *************** function ___ftneg *****************
 Defined at:
		line 15 in file "C:\Program Files (x86)\Microchip\xc8\v1.33\sources\common\ftneg.c"
 Parameters:    Size  Location     Type
  f1              3   14[BANK0 ] float 
 Auto vars:     Size  Location     Type
		None
 Return value:  Size  Location     Type
                  3   14[BANK0 ] float 
 Registers used:
		wreg
 Tracked objects:
		On entry : 
		On exit  : 
		Unchanged: 
 Data sizes:     COMMON   BANK0   BANK1   BANK2   BANK3   BANK4   BANK5   BANK6   BANK7   BANK8   BANK9  BANK10  BANK11  BANK12
      Params:         0       3       0       0       0       0       0       0       0       0       0       0       0       0
      Locals:         0       0       0       0       0       0       0       0       0       0       0       0       0       0
      Temps:          0       0       0       0       0       0       0       0       0       0       0       0       0       0
      Totals:         0       3       0       0       0       0       0       0       0       0       0       0       0       0
Total ram usage:        3 bytes
 Hardware stack levels used:    1
 Hardware stack levels required when called:    3
 This function calls:
		Nothing
 This function is called by:
		_Set_Freq
 This function uses a non-reentrant model


 *************** function ___ftmul *****************
 Defined at:
		line 62 in file "C:\Program Files (x86)\Microchip\xc8\v1.33\sources\common\ftmul.c"
 Parameters:    Size  Location     Type
  f1              3    8[BANK0 ] float 
  f2              3   11[BANK0 ] float 
 Auto vars:     Size  Location     Type
  f3_as_produc    3   19[BANK0 ] unsigned um
  sign            1   23[BANK0 ] unsigned char 
  cntr            1   22[BANK0 ] unsigned char 
  exp             1   18[BANK0 ] unsigned char 
 Return value:  Size  Location     Type
                  3    8[BANK0 ] float 
 Registers used:
[...]
      Temps:          0       0       0       0       0       0       0       0       0       0       0       0       0       0
      Totals:         0       1       0       0       0       0       0       0       0       0       0       0       0       0
Total ram usage:        1 bytes
 Hardware stack levels used:    1
 Hardware stack levels required when called:    5
 This function calls:
		_Send_Byte
 This function is called by:
		_Ax25_Send_String
 This function uses a non-reentrant model


 *************** function _Ax25_Send_Header *****************
 Defined at:
		line 102 in file "ax25.c"
 Parameters:    Size  Location     Type
  addresses       1    wreg     PTR struct .
		 -> main@beacon_address(16), 
  num_addresse    2   12[BANK0 ] int 
 Auto vars:     Size  Location     Type
  addresses       1   19[BANK0 ] PTR struct .
		 -> main@beacon_address(16), 
  i               2   20[BANK0 ] int 
  j               2   17[BANK0 ] int 
 Return value:  Size  Location     Type
		None               void
 Registers used:
		wreg, fsr1l, fsr1h, status,2, status,0, pclath, cstack
 Tracked objects:
		On entry : 
		On exit  : 
		Unchanged: 
 Data sizes:     COMMON   BANK0   BANK1   BANK2   BANK3   BANK4   BANK5   BANK6   BANK7   BANK8   BANK9  BANK10  BANK11  BANK12
      Params:         0       2       0       0       0       0       0       0       0       0       0       0       0       0
      Locals:         0       5       0       0       0       0       0       0       0       0       0       0       0       0
      Temps:          0       3       0       0       0       0       0       0       0       0       0       0       0       0
      Totals:         0      10       0       0       0       0       0       0       0       0       0       0       0       0
Total ram usage:       10 bytes
 Hardware stack levels used:    1
 Hardware stack levels required when called:    5
 This function calls:
		_Ax25_Send_Flag
		_Ax25_Send_Sync
		_Send_Byte
 This function is called by:
		_main
 This function uses a non-reentrant model


 *************** function _Ax25_Send_Sync *****************
 Defined at:
		line 66 in file "ax25.c"
 Parameters:    Size  Location     Type
		None
 Auto vars:     Size  Location     Type
  i               2    7[BANK0 ] int 
  byte            1    6[BANK0 ] unsigned char 
 Return value:  Size  Location     Type
		None               void
 Registers used:
		wreg, fsr1l, fsr1h, status,2, status,0
 Tracked objects:
		On entry : 
		On exit  : 
		Unchanged: 
 Data sizes:     COMMON   BANK0   BANK1   BANK2   BANK3   BANK4   BANK5   BANK6   BANK7   BANK8   BANK9  BANK10  BANK11  BANK12
      Params:         0       0       0       0       0       0       0       0       0       0       0       0       0       0
      Locals:         0       3       0       0       0       0       0       0       0       0       0       0       0       0
      Temps:          0       6       0       0       0       0       0       0       0       0       0       0       0       0
      Totals:         0       9       0       0       0       0       0       0       0       0       0       0       0       0
Total ram usage:        9 bytes
 Hardware stack levels used:    1
 Hardware stack levels required when called:    3
 This function calls:
		Nothing
 This function is called by:
		_Ax25_Send_Header
 This function uses a non-reentrant model


 *************** function _Ax25_Send_Footer *****************
 Defined at:
		line 144 in file "ax25.c"
 Parameters:    Size  Location     Type
		None
 Auto vars:     Size  Location     Type
  final_crc       2   12[BANK0 ] unsigned int 
 Return value:  Size  Location     Type
		None               void
 Registers used:
		wreg, fsr1l, fsr1h, status,2, status,0, pclath, cstack
 Tracked objects:
		On entry : 
		On exit  : 
		Unchanged: 
 Data sizes:     COMMON   BANK0   BANK1   BANK2   BANK3   BANK4   BANK5   BANK6   BANK7   BANK8   BANK9  BANK10  BANK11  BANK12
      Params:         0       0       0       0       0       0       0       0       0       0       0       0       0       0
      Locals:         0       2       0       0       0       0       0       0       0       0       0       0       0       0
      Temps:          0       0       0       0       0       0       0       0       0       0       0       0       0       0
      Totals:         0       2       0       0       0       0       0       0       0       0       0       0       0       0
Total ram usage:        2 bytes
 Hardware stack levels used:    1
 Hardware stack levels required when called:    5
 This function calls:
		_Ax25_Send_Flag
		_Send_Byte
 This function is called by:
		_main
 This function uses a non-reentrant model


 *************** function _Send_Byte *****************
 Defined at:
		line 33 in file "ax25.c"
 Parameters:    Size  Location     Type
  byte            1    wreg     unsigned char 
 Auto vars:     Size  Location     Type
  byte            1    9[BANK0 ] unsigned char 
  i               2   10[BANK0 ] int 
 Return value:  Size  Location     Type
		None               void
 Registers used:
		wreg, fsr1l, fsr1h, status,2, status,0, pclath, cstack
 Tracked objects:
		On entry : 
		On exit  : 
		Unchanged: 
 Data sizes:     COMMON   BANK0   BANK1   BANK2   BANK3   BANK4   BANK5   BANK6   BANK7   BANK8   BANK9  BANK10  BANK11  BANK12
      Params:         0       0       0       0       0       0       0       0       0       0       0       0       0       0
      Locals:         0       3       0       0       0       0       0       0       0       0       0       0       0       0
      Temps:          0       6       0       0       0       0       0       0       0       0       0       0       0       0
      Totals:         0       9       0       0       0       0       0       0       0       0       0       0       0       0
Total ram usage:        9 bytes
 Hardware stack levels used:    1
 Hardware stack levels required when called:    4
 This function calls:
		_Update_Crc
 This function is called by:
		_Ax25_Send_Byte
		_Ax25_Send_Header
		_Ax25_Send_Footer
 This function uses a non-reentrant model


 *************** function _Update_Crc *****************
 Defined at:
		line 24 in file "ax25.c"
 Parameters:    Size  Location     Type
  input_bit       1    wreg     unsigned char 
 Auto vars:     Size  Location     Type
  input_bit       1    2[BANK0 ] unsigned char 
 Return value:  Size  Location     Type
		None               void
 Registers used:
		wreg, status,2, status,0
 Tracked objects:
		On entry : 
		On exit  : 
		Unchanged: 
 Data sizes:     COMMON   BANK0   BANK1   BANK2   BANK3   BANK4   BANK5   BANK6   BANK7   BANK8   BANK9  BANK10  BANK11  BANK12
      Params:         0       0       0       0       0       0       0       0       0       0       0       0       0       0
      Locals:         0       1       0       0       0       0       0       0       0       0       0       0       0       0
      Temps:          0       2       0       0       0       0       0       0       0       0       0       0       0       0
      Totals:         0       3       0       0       0       0       0       0       0       0       0       0       0       0
Total ram usage:        3 bytes
 Hardware stack levels used:    1
 Hardware stack levels required when called:    3
 This function calls:
		Nothing
 This function is called by:
		_Send_Byte
 This function uses a non-reentrant model


 *************** function _Ax25_Send_Flag *****************
 Defined at:
		line 80 in file "ax25.c"
 Parameters:    Size  Location     Type
		None
 Auto vars:     Size  Location     Type
  i               2    7[BANK0 ] int 
  byte            1    6[BANK0 ] unsigned char 
 Return value:  Size  Location     Type
		None               void
 Registers used:
		wreg, fsr1l, fsr1h, status,2, status,0
 Tracked objects:
		On entry : 
		On exit  : 
		Unchanged: 
 Data sizes:     COMMON   BANK0   BANK1   BANK2   BANK3   BANK4   BANK5   BANK6   BANK7   BANK8   BANK9  BANK10  BANK11  BANK12
      Params:         0       0       0       0       0       0       0       0       0       0       0       0       0       0
      Locals:         0       3       0       0       0       0       0       0       0       0       0       0       0       0
      Temps:          0       6       0       0       0       0       0       0       0       0       0       0       0       0
      Totals:         0       9       0       0       0       0       0       0       0       0       0       0       0       0
Total ram usage:        9 bytes
 Hardware stack levels used:    1
 Hardware stack levels required when called:    3
 This function calls:
		Nothing
 This function is called by:
		_Ax25_Send_Header
		_Ax25_Send_Footer
 This function uses a non-reentrant model


 *************** function _Adc1_Start *****************
 Defined at:
		line 298 in file "utility.c"
 Parameters:    Size  Location     Type
		None
 Auto vars:     Size  Location     Type
		None
 Return value:  Size  Location     Type
		None               void
 Registers used:
		None
 Tracked objects:
		On entry : 
		On exit  : 
		Unchanged: 
 Data sizes:     COMMON   BANK0   BANK1   BANK2   BANK3   BANK4   BANK5   BANK6   BANK7   BANK8   BANK9  BANK10  BANK11  BANK12
      Params:         0       0       0       0       0       0       0       0       0       0       0       0       0       0
      Locals:         0       0       0       0       0       0       0       0       0       0       0       0       0       0
      Temps:          0       0       0       0       0       0       0       0       0       0       0       0       0       0
      Totals:         0       0       0       0       0       0       0       0       0       0       0       0       0       0
Total ram usage:        0 bytes
 Hardware stack levels used:    1
 Hardware stack levels required when called:    3
 This function calls:
		Nothing
 This function is called by:
		_main
 This function uses a non-reentrant model


 *************** function _global_interrupt *****************
 Defined at:
		line 47 in file "main.c"
 Parameters:    Size  Location     Type
		None
 Auto vars:     Size  Location     Type
		None
 Return value:  Size  Location     Type
		None               void
 Registers used:
		wreg, fsr0l, fsr0h, fsr1l, fsr1h, status,2, status,0, pclath, cstack
 Tracked objects:
		On entry : 
		On exit  : 
		Unchanged: 
 Data sizes:     COMMON   BANK0   BANK1   BANK2   BANK3   BANK4   BANK5   BANK6   BANK7   BANK8   BANK9  BANK10  BANK11  BANK12
      Params:         0       0       0       0       0       0       0       0       0       0       0       0       0       0
      Locals:         0       0       0       0       0       0       0       0       0       0       0       0       0       0
      Temps:          2       0       0       0       0       0       0       0       0       0       0       0       0       0
      Totals:         2       0       0       0       0       0       0       0       0       0       0       0       0       0
Total ram usage:        2 bytes
 Hardware stack levels used:    1
 Hardware stack levels required when called:    2
 This function calls:
		_Sinus_Generator
 This function is called by:
		Interrupt level 1
 This function uses a non-reentrant model


 *************** function _Sinus_Generator *****************
 Defined at:
		line 81 in file "audio_tone.c"
 Parameters:    Size  Location     Type
		None
 Auto vars:     Size  Location     Type
  Audio_Signal    1    6[COMMON] unsigned char 
 Return value:  Size  Location     Type
		None               void
 Registers used:
		wreg, fsr0l, fsr0h, fsr1l, fsr1h, status,2, status,0, pclath, cstack
 Tracked objects:
		On entry : 
		On exit  : 
		Unchanged: 
 Data sizes:     COMMON   BANK0   BANK1   BANK2   BANK3   BANK4   BANK5   BANK6   BANK7   BANK8   BANK9  BANK10  BANK11  BANK12
      Params:         0       0       0       0       0       0       0       0       0       0       0       0       0       0
      Locals:         1       0       0       0       0       0       0       0       0       0       0       0       0       0
      Temps:          5       0       0       0       0       0       0       0       0       0       0       0       0       0
      Totals:         6       0       0       0       0       0       0       0       0       0       0       0       0       0
Total ram usage:        6 bytes
 Hardware stack levels used:    1
 Hardware stack levels required when called:    1
 This function calls:
		_Send_Vcxo_Signal
		_Timer0_Stop
 This function is called by:
		_global_interrupt
 This function uses a non-reentrant model


 *************** function _Timer0_Stop *****************
 Defined at:
		line 258 in file "utility.c"
 Parameters:    Size  Location     Type
		None
 Auto vars:     Size  Location     Type
		None
 Return value:  Size  Location     Type
		None               void
 Registers used:
		status,2
 Tracked objects:
		On entry : 
		On exit  : 
		Unchanged: 
 Data sizes:     COMMON   BANK0   BANK1   BANK2   BANK3   BANK4   BANK5   BANK6   BANK7   BANK8   BANK9  BANK10  BANK11  BANK12
      Params:         0       0       0       0       0       0       0       0       0       0       0       0       0       0
      Locals:         0       0       0       0       0       0       0       0       0       0       0       0       0       0
      Temps:          0       0       0       0       0       0       0       0       0       0       0       0       0       0
      Totals:         0       0       0       0       0       0       0       0       0       0       0       0       0       0
Total ram usage:        0 bytes
 Hardware stack levels used:    1
 This function calls:
		Nothing
 This function is called by:
		_Sinus_Generator
 This function uses a non-reentrant model


 *************** function _Send_Vcxo_Signal *****************
 Defined at:
		line 114 in file "utility.c"
 Parameters:    Size  Location     Type
  value           1    wreg     unsigned char 
 Auto vars:     Size  Location     Type
  value           1    0[COMMON] unsigned char 
 Return value:  Size  Location     Type
                  1    wreg      unsigned char 
 Registers used:
		wreg
 Tracked objects:
		On entry : 
		On exit  : 
		Unchanged: 
 Data sizes:     COMMON   BANK0   BANK1   BANK2   BANK3   BANK4   BANK5   BANK6   BANK7   BANK8   BANK9  BANK10  BANK11  BANK12
      Params:         0       0       0       0       0       0       0       0       0       0       0       0       0       0
      Locals:         1       0       0       0       0       0       0       0       0       0       0       0       0       0
      Temps:          0       0       0       0       0       0       0       0       0       0       0       0       0       0
      Totals:         1       0       0       0       0       0       0       0       0       0       0       0       0       0
Total ram usage:        1 bytes
 Hardware stack levels used:    1
 This function calls:
		Nothing
 This function is called by:
		_Sinus_Generator
 This function uses a non-reentrant model



MODULE INFORMATION

Module		Function		Class		Link	Load	Size
C:\Program Files (x86)\Microchip\xc8\v1.33\sources\common\ftneg.c
		___ftneg       		CODE           	170B	0000	9

C:\Program Files (x86)\Microchip\xc8\v1.33\sources\common\ftneg.c estimated size: 9

C:\Program Files (x86)\Microchip\xc8\v1.33\sources\common\float.c
		___ftpack      		CODE           	0A85	0000	97

C:\Program Files (x86)\Microchip\xc8\v1.33\sources\common\float.c estimated size: 97

C:\Program Files (x86)\Microchip\xc8\v1.33\sources\common\memcpy.c
		_memcpy        		CODE           	08A7	0000	41

C:\Program Files (x86)\Microchip\xc8\v1.33\sources\common\memcpy.c estimated size: 41

adf7012.c
		_Ptt_On        		CODE           	09F9	0000	57
		_Set_Freq      		CODE           	01D4	0000	274
		_Adf_Reset_Regi		CODE           	0858	0000	38
		_Adf_Reset_Regi		CODE           	1793	0000	24
		_Adf_Write_Regi		CODE           	0AE6	0000	113
		_Radio_Setup   		CODE           	17E3	0000	29
		_Adf_Write_Regi		CODE           	04B5	0000	199
		_Ptt_Off       		CODE           	1720	0000	14
		_Adf_Reset     		CODE           	1702	0000	9
		_Adf_Write_Regi		CODE           	0068	0000	364
		_Adf_Reset_Conf		CODE           	173D	0000	15
		_Adf_Write_Regi		CODE           	06C4	0000	183
		_Adf_Reset_Regi		CODE           	0805	0000	17
		_Adf_Lock      		CODE           	0B57	0000	117
		_Adf_Locked    		CODE           	07FD	0000	3
		_Adf_Reset_Regi		CODE           	0816	0000	31
		_Adf_Write_Conf		CODE           	1714	0000	12

adf7012.c estimated size: 1499

C:\Program Files (x86)\Microchip\xc8\v1.33\sources\common\ftmul.c
		___ftmul       		CODE           	0F4C	0000	180

C:\Program Files (x86)\Microchip\xc8\v1.33\sources\common\ftmul.c estimated size: 180

utility.c
		_Gpio_Config   		CODE           	175B	0000	16
		_Adc1_Start    		CODE           	16EA	0000	6
		_Timer0_Stop   		CODE           	16DC	0000	4
		_Timer0_Start  		CODE           	0800	0000	5
		_Read_Adf7012_M		CODE           	172E	0000	15
		_Delay_ms      		CODE           	087E	0000	41
		_Timer1_Start  		CODE           	174C	0000	15
		_Dac0_Start_Hol		CODE           	16E5	0000	5
		_Send_Vcxo_Sign		CODE           	16E0	0000	5
		_Reverse_Array 		CODE           	0956	0000	52
		_Write_Adf7012_		CODE           	09C0	0000	57
		_Spi_Byte_Send 		CODE           	08D0	0000	42

utility.c estimated size: 263

C:\Program Files (x86)\Microchip\xc8\v1.33\sources\common\lldiv.c
		___lldiv       		CODE           	0A32	0000	83

C:\Program Files (x86)\Microchip\xc8\v1.33\sources\common\lldiv.c estimated size: 83

shared
		__stringdata   		STRCODE        	06BE	0000	6
		_TABLE_SIZE    		STRCODE        	06BC	0000	2
		__initializatio		CODE           	003C	0000	40
		_PLAYBACK_RATE 		STRCODE        	06B6	0000	4
		_BAUD_RATE     		STRCODE        	06BA	0000	2
		_sine_table2   		STRCODE        	0600	0000	182

shared estimated size: 236

C:\Program Files (x86)\Microchip\xc8\v1.33\sources\common\aldiv.c
		___aldiv       		CODE           	077B	0000	130

C:\Program Files (x86)\Microchip\xc8\v1.33\sources\common\aldiv.c estimated size: 130

audio_tone.c
		_Modem_Flush_Fr		CODE           	0835	0000	35
		_Modem_Setup   		CODE           	16F6	0000	6
		_Sinus_Generato		CODE           	0D53	0000	156
		_Modem_Init    		CODE           	177B	0000	24

audio_tone.c estimated size: 221

C:\Program Files (x86)\Microchip\xc8\v1.33\sources\common\fttol.c
		___fttol       		CODE           	0C45	0000	135

C:\Program Files (x86)\Microchip\xc8\v1.33\sources\common\fttol.c estimated size: 135

C:\Program Files (x86)\Microchip\xc8\v1.33\sources\common\ftadd.c
		___ftadd       		CODE           	02E6	0000	246

C:\Program Files (x86)\Microchip\xc8\v1.33\sources\common\ftadd.c estimated size: 246

main.c
		_global_interru		CODE           	0004	0000	54
		_main          		CODE           	0CCC	0000	135
		_System_Start  		CODE           	098A	0000	54

main.c estimated size: 243

C:\Program Files (x86)\Microchip\xc8\v1.33\sources\pic\ftdiv.c
		___ftdiv       		CODE           	0DEF	0000	169

C:\Program Files (x86)\Microchip\xc8\v1.33\sources\pic\ftdiv.c estimated size: 169

ax25.c
		_Update_Crc    		CODE           	0924	0000	50
		_Ax25_Send_Stri		CODE           	17C6	0000	29
		_Ax25_Send_Head		CODE           	03DC	0000	217
		_Ax25_Send_Foot		CODE           	17AB	0000	27
		_Ax25_Send_Flag		CODE           	057C	0000	124
		_Ax25_Send_Sync		CODE           	0BCC	0000	121
		_Ax25_Send_Byte		CODE           	16F0	0000	6
		_Send_Byte     		CODE           	0E98	0000	180

ax25.c estimated size: 754

C:\Program Files (x86)\Microchip\xc8\v1.33\sources\common\lltoft.c
		___lltoft      		CODE           	08FA	0000	42

C:\Program Files (x86)\Microchip\xc8\v1.33\sources\common\lltoft.c estimated size: 42

