Microchip MPLAB XC8 Compiler V1.33 ()

Linker command line:

--edf=C:\Program Files (x86)\Microchip\xc8\v1.33\dat\en_msgs.txt -cs \
  -h+dist/default/production\adf7012_pic16lf1825.production.sym \
  --cmf=dist/default/production\adf7012_pic16lf1825.production.cmf -z \
  -Q16LF1825 -oC:\Users\Kadir\AppData\Local\Temp\s3s0.6 \
  -Mdist/default/production/adf7012_pic16lf1825.production.map -E1 -ver=XC8 \
  -ASTACK=02130h-0231fh -pstack=STACK -ACONST=00h-0FFhx32 \
  -ACODE=00h-07FFhx4 -ASTRCODE=00h-01FFFh -AENTRY=00h-0FFhx32 \
  -ASTRING=00h-0FFhx32 -ACOMMON=070h-07Fh -ABANK0=020h-06Fh \
  -ABANK1=0A0h-0EFh -ABANK2=0120h-016Fh -ABANK3=01A0h-01EFh \
  -ABANK4=0220h-026Fh -ABANK5=02A0h-02EFh -ABANK6=0320h-036Fh \
  -ABANK7=03A0h-03EFh -ABANK8=0420h-046Fh -ABANK9=04A0h-04EFh \
  -ABANK10=0520h-056Fh -ABANK11=05A0h-05EFh -ABANK12=0620h-064Fh \
  -ABIGRAM=02000h-023EFh \
  -ARAM=020h-06Fh,0A0h-0EFh,0120h-016Fh,01A0h-01EFh,0220h-026Fh,02A0h-02EFh,0320h-036Fh,03A0h-03EFh,0420h-046Fh,04A0h-04EFh,0520h-056Fh,05A0h-05EFh,0620h-064Fh \
  -AABS1=020h-07Fh,0A0h-0EFh,0120h-016Fh,01A0h-01EFh,0220h-026Fh,02A0h-02EFh,0320h-036Fh,03A0h-03EFh,0420h-046Fh,04A0h-04EFh,0520h-056Fh,05A0h-05EFh,0620h-064Fh \
  -ASFR0=00h-01Fh -ASFR1=080h-09Fh -ASFR2=0100h-011Fh -ASFR3=0180h-019Fh \
  -ASFR4=0200h-021Fh -ASFR5=0280h-029Fh -ASFR6=0300h-031Fh \
  -ASFR7=0380h-039Fh -ASFR8=0400h-041Fh -ASFR9=0480h-049Fh \
  -ASFR10=0500h-051Fh -ASFR11=0580h-059Fh -ASFR12=0600h-061Fh \
  -ASFR13=0680h-06EFh -ASFR14=0700h-076Fh -ASFR15=0780h-07EFh \
  -ASFR16=0800h-086Fh -ASFR17=0880h-08EFh -ASFR18=0900h-096Fh \
  -ASFR19=0980h-09EFh -ASFR20=0A00h-0A6Fh -ASFR21=0A80h-0AEFh \
  -ASFR22=0B00h-0B6Fh -ASFR23=0B80h-0BEFh -ASFR24=0C00h-0C6Fh \
  -ASFR25=0C80h-0CEFh -ASFR26=0D00h-0D6Fh -ASFR27=0D80h-0DEFh \
  -ASFR28=0E00h-0E6Fh -ASFR29=0E80h-0EEFh -ASFR30=0F00h-0F6Fh \
  -ASFR31=0F80h-0FEFh -preset_vec=00h,intentry=04h,init,end_init \
  -ppowerup=CODE -pcinit=CODE -pfunctab=CODE -ACONFIG=08007h-08008h \
  -pconfig=CONFIG -DCONFIG=2 -AIDLOC=08000h-08003h -pidloc=IDLOC -DIDLOC=2 \
  -AEEDATA=00h-0FFh/0F000h -peeprom_data=EEDATA -DEEDATA=2 -DCODE=2 \
  -DSTRCODE=2 -DSTRING=2 -DCONST=2 -DENTRY=2 -k \
  C:\Users\Kadir\AppData\Local\Temp\s3s0.obj \
  dist/default/production\adf7012_pic16lf1825.production.obj 

Object code version is 3.11

Machine type is 16LF1825



                Name                               Link     Load   Length Selector   Space Scale
C:\Users\Kadir\AppData\Local\Temp\s3s0.obj
                end_init                             AD       AD        2        8       0
                reset_vec                             0        0        2        0       0
                config                             8007     8007        2    1000E       0
dist/default/production\adf7012_pic16lf1825.production.obj
                cinit                                AF       AF       2E        8       0
                intentry                              4        4       A9        8       0
                text43                              B69      B69        5     16D2       0
                text42                              B65      B65        4     16CA       0
                text41                              57B      57B       B6      988       0
                text39                              B78      B78        6     16F0       0
                text38                              B96      B96        7     172C       0
                text37                              B62      B62        3     16C4       0
                text36                              CD9      CD9       29     19B2       0
                text35                              E00      E00       44     1C00       0
                text34                              B6E      B6E        5     16DC       0
                text33                              C93      C93       20     1926       0
                text32                              D02      D02       2A     1A04       0
                text31                              D8B      D8B       39     1B16       0
                text30                               DD       DD      16C        8       0
                text29                              322      322       C7        8       0
                text28                              F85      F85       7B     1F0A       0
                text27                              775      775       7C      988       0
                text26                              D59      D59       32     1AB2       0
                text25                              631      631       B4      988       0
                text24                              C3C      C3C       1B     1878       0
                text23                              F0C      F0C       79     1E18       0
                text22                              249      249       D9        8       0
                text21                              B7E      B7E        6     16FC       0
                text20                              C57      C57       1D     18AE       0
                text19                              3E9      3E9       15        8       0
                text18                              4C4      4C4       B7      988       0
                text17                              DC4      DC4       3C     1B88       0
                text16                              B73      B73        5     16E6       0
                text15                              D2C      D2C       2D     1A58       0
                text14                              C0C      C0C       18     1818       0
                text13                              BE7      BE7       12     17CE       0
                text12                              BD6      BD6       11     17AC       0
                text11                              CB3      CB3       26     1966       0
                text10                              C24      C24       18     1848       0
                text9                               C74      C74       1F     18E8       0
                text8                               BB7      BB7        F     176E       0
                text7                               E9B      E9B       71     1D36       0
                text6                               B9D      B9D        C     173A       0
                text5                               BA9      BA9        E     1752       0
                text4                               B84      B84        6     1708       0
                text3                               BF9      BF9       13     17F2       0
                text2                               E44      E44       57     1C88       0
                text1                               7F1      7F1        F      988       0
                maintext                            6E5      6E5       90      988       0
                cstackBANK0                          20       20       4E       20       1
                cstackCOMMON                         70       70        9       70       1
                cstackBANK1                          D4       D4       1C       A0       1
                inittext                            B8A      B8A        6     1714       0
                clrtext                             B90      B90        6     1720       0
                bssBANK3                            1A0      1A0       40      1A0       1
                dataBANK2                           13B      13B       10      120       1
                bssBANK2                            120      120       1B      120       1
                bssBANK1                             A0       A0       34       A0       1
                bssBANK0                             6E       6E        2       20       1
                bssCOMMON                            79       79        5       70       1
                stringtext                          400      400       C4        8       0
                idataBANK2                          BC6      BC6       10     178C       0

TOTAL           Name                               Link     Load   Length     Space
        CLASS   STACK          

        CLASS   CONST          

        CLASS   CODE           
                end_init                             AD       AD        2         0
                cinit                                AF       AF       2E         0
                intentry                              4        4       A9         0
                reset_vec                             0        0        2         0
                text43                              B69      B69        5         0
                text42                              B65      B65        4         0
                text41                              57B      57B       B6         0
                text39                              B78      B78        6         0
                text38                              B96      B96        7         0
                text37                              B62      B62        3         0
                text36                              CD9      CD9       29         0
                text35                              E00      E00       44         0
                text34                              B6E      B6E        5         0
                text33                              C93      C93       20         0
                text32                              D02      D02       2A         0
                text31                              D8B      D8B       39         0
                text30                               DD       DD      16C         0
                text29                              322      322       C7         0
                text28                              F85      F85       7B         0
                text27                              775      775       7C         0
                text26                              D59      D59       32         0
                text25                              631      631       B4         0
                text24                              C3C      C3C       1B         0
                text23                              F0C      F0C       79         0
                text22                              249      249       D9         0
                text21                              B7E      B7E        6         0
                text20                              C57      C57       1D         0
                text19                              3E9      3E9       15         0
                text18                              4C4      4C4       B7         0
                text17                              DC4      DC4       3C         0
                text16                              B73      B73        5         0
                text15                              D2C      D2C       2D         0
                text14                              C0C      C0C       18         0
                text13                              BE7      BE7       12         0
                text12                              BD6      BD6       11         0
                text11                              CB3      CB3       26         0
                text10                              C24      C24       18         0
                text9                               C74      C74       1F         0
                text8                               BB7      BB7        F         0
                text7                               E9B      E9B       71         0
                text6                               B9D      B9D        C         0
                text5                               BA9      BA9        E         0
                text4                               B84      B84        6         0
                text3                               BF9      BF9       13         0
                text2                               E44      E44       57         0
                text1                               7F1      7F1        F         0
                maintext                            6E5      6E5       90         0
                inittext                            B8A      B8A        6         0
                clrtext                             B90      B90        6         0
                idataBANK2                          BC6      BC6       10         0

        CLASS   STRCODE        
                stringtext                          400      400       C4         0

        CLASS   ENTRY          

        CLASS   STRING         

        CLASS   COMMON         
                cstackCOMMON                         70       70        9         1
                bssCOMMON                            79       79        5         1

        CLASS   BANK0          
                cstackBANK0                          20       20       4E         1
                bssBANK0                             6E       6E        2         1

        CLASS   BANK1          
                cstackBANK1                          D4       D4       1C         1
                bssBANK1                             A0       A0       34         1

        CLASS   BANK2          
                dataBANK2                           13B      13B       10         1
                bssBANK2                            120      120       1B         1

        CLASS   BANK3          
                bssBANK3                            1A0      1A0       40         1

        CLASS   BANK4          

        CLASS   BANK5          

        CLASS   BANK6          

        CLASS   BANK7          

        CLASS   BANK8          

        CLASS   BANK9          

        CLASS   BANK10         

        CLASS   BANK11         

        CLASS   BANK12         

        CLASS   BIGRAM         

        CLASS   RAM            

        CLASS   ABS1           
                abs_s1                               7E       7E        2         1

        CLASS   SFR0           

        CLASS   SFR1           

        CLASS   SFR2           

        CLASS   SFR3           

        CLASS   SFR4           

        CLASS   SFR5           

        CLASS   SFR6           

        CLASS   SFR7           

        CLASS   SFR8           

        CLASS   SFR9           

        CLASS   SFR10          

        CLASS   SFR11          

        CLASS   SFR12          

        CLASS   SFR13          

        CLASS   SFR14          

        CLASS   SFR15          

        CLASS   SFR16          

        CLASS   SFR17          

        CLASS   SFR18          

        CLASS   SFR19          

        CLASS   SFR20          

        CLASS   SFR21          

        CLASS   SFR22          

        CLASS   SFR23          

        CLASS   SFR24          

        CLASS   SFR25          

        CLASS   SFR26          

        CLASS   SFR27          

        CLASS   SFR28          

        CLASS   SFR29          

        CLASS   SFR30          

        CLASS   SFR31          

        CLASS   CONFIG         
                config                             8007     8007        2         0

        CLASS   IDLOC          

        CLASS   EEDATA         

        CLASS   BANK31         

        CLASS   BANK30         

        CLASS   BANK29         

        CLASS   BANK28         

        CLASS   BANK27         

        CLASS   BANK26         

        CLASS   BANK25         

        CLASS   BANK24         

        CLASS   BANK23         

        CLASS   BANK22         

        CLASS   BANK21         

        CLASS   BANK20         

        CLASS   BANK19         

        CLASS   BANK18         

        CLASS   BANK17         

        CLASS   BANK16         

        CLASS   BANK15         

        CLASS   BANK14         

        CLASS   BANK13         



SEGMENTS        Name                           Load    Length   Top    Selector   Space  Class     Delta

                reset_vec                      000000  000002  000002         0       0  CODE        2
                intentry                       000004  0003FA  0003FE         8       0  CODE        2
                cstackBANK0                    000020  000050  000070        20       1  BANK0       1
                cstackCOMMON                   000070  00000E  00007E        70       1  COMMON      1
                bssBANK1                       0000A0  000050  0000F0        A0       1  BANK1       1
                bssBANK2                       000120  00002B  00014B       120       1  BANK2       1
                bssBANK3                       0001A0  000040  0001E0       1A0       1  BANK3       1
                stringtext                     000400  0000C4  0004C4         8       0  STRCODE     2
                text18                         0004C4  00033C  000800       988       0  CODE        2
                text37                         000B62  000003  000B65      16C4       0  CODE        2
                text42                         000B65  000004  000B69      16CA       0  CODE        2
                text43                         000B69  000005  000B6E      16D2       0  CODE        2
                text34                         000B6E  000005  000B73      16DC       0  CODE        2
                text16                         000B73  000005  000B78      16E6       0  CODE        2
                text39                         000B78  000006  000B7E      16F0       0  CODE        2
                text21                         000B7E  000006  000B84      16FC       0  CODE        2
                text4                          000B84  000006  000B8A      1708       0  CODE        2
                inittext                       000B8A  000006  000B90      1714       0  CODE        2
                clrtext                        000B90  000006  000B96      1720       0  CODE        2
                text38                         000B96  000007  000B9D      172C       0  CODE        2
                text6                          000B9D  00000C  000BA9      173A       0  CODE        2
                text5                          000BA9  00000E  000BB7      1752       0  CODE        2
                text8                          000BB7  00000F  000BC6      176E       0  CODE        2
                idataBANK2                     000BC6  000010  000BD6      178C       0  CODE        2
                text12                         000BD6  000011  000BE7      17AC       0  CODE        2
                text13                         000BE7  000012  000BF9      17CE       0  CODE        2
                text3                          000BF9  000013  000C0C      17F2       0  CODE        2
                text14                         000C0C  000018  000C24      1818       0  CODE        2
                text10                         000C24  000018  000C3C      1848       0  CODE        2
                text24                         000C3C  00001B  000C57      1878       0  CODE        2
                text20                         000C57  00001D  000C74      18AE       0  CODE        2
                text9                          000C74  00001F  000C93      18E8       0  CODE        2
                text33                         000C93  000020  000CB3      1926       0  CODE        2
                text11                         000CB3  000026  000CD9      1966       0  CODE        2
                text36                         000CD9  000029  000D02      19B2       0  CODE        2
                text32                         000D02  00002A  000D2C      1A04       0  CODE        2
                text15                         000D2C  00002D  000D59      1A58       0  CODE        2
                text26                         000D59  000032  000D8B      1AB2       0  CODE        2
                text31                         000D8B  000039  000DC4      1B16       0  CODE        2
                text17                         000DC4  00003C  000E00      1B88       0  CODE        2
                text35                         000E00  000044  000E44      1C00       0  CODE        2
                text2                          000E44  000057  000E9B      1C88       0  CODE        2
                text7                          000E9B  000071  000F0C      1D36       0  CODE        2
                text23                         000F0C  000079  000F85      1E18       0  CODE        2
                text28                         000F85  00007B  001000      1F0A       0  CODE        2
                config                         008007  000002  008009     1000E       0  CONFIG      2


UNUSED ADDRESS RANGES

        Name                Unused          Largest block    Delta
        BANK10           00520-0056F              50           1
        BANK11           005A0-005EF              50           1
        BANK12           00620-0064F              30           1
        BANK2            0014B-0016F              25           1
        BANK3            001E0-001EF              10           1
        BANK4            00220-0026F              50           1
        BANK5            002A0-002EF              50           1
        BANK6            00320-0036F              50           1
        BANK7            003A0-003EF              50           1
        BANK8            00420-0046F              50           1
        BANK9            004A0-004EF              50           1
        BIGRAM           02000-023EF             3F0           1
        CODE             00002-00003               2           2
                         003FE-003FF               2
                         00800-00B61             362
                         01000-01FFF             800
        CONST            00002-00003               2           2
                         003FE-003FF               2
                         00800-00B61             100
                         01000-01FFF             100
        EEDATA           0F000-0F0FF             100           2
        ENTRY            00002-00003               2           2
                         003FE-003FF               2
                         00800-00B61             100
                         01000-01FFF             100
        IDLOC            08000-08003               4           2
        RAM              0014B-0016F              25           1
                         001E0-001EF              10
                         00220-0026F              50
                         002A0-002EF              50
                         00320-0036F              50
                         003A0-003EF              50
                         00420-0046F              50
                         004A0-004EF              50
                         00520-0056F              50
                         005A0-005EF              50
                         00620-0064F              30
        SFR0             00000-0001F              20           1
        SFR1             00080-0009F              20           1
        SFR10            00500-0051F              20           1
        SFR11            00580-0059F              20           1
        SFR12            00600-0061F              20           1
        SFR13            00680-006EF              70           1
        SFR14            00700-0076F              70           1
        SFR15            00780-007EF              70           1
        SFR16            00800-0086F              70           1
        SFR17            00880-008EF              70           1
        SFR18            00900-0096F              70           1
        SFR19            00980-009EF              70           1
        SFR2             00100-0011F              20           1
        SFR20            00A00-00A6F              70           1
        SFR21            00A80-00AEF              70           1
        SFR22            00B00-00B6F              70           1
        SFR23            00B80-00BEF              70           1
        SFR24            00C00-00C6F              70           1
        SFR25            00C80-00CEF              70           1
        SFR26            00D00-00D6F              70           1
        SFR27            00D80-00DEF              70           1
        SFR28            00E00-00E6F              70           1
        SFR29            00E80-00EEF              70           1
        SFR3             00180-0019F              20           1
        SFR30            00F00-00F6F              70           1
        SFR31            00F80-00FEF              70           1
        SFR4             00200-0021F              20           1
        SFR5             00280-0029F              20           1
        SFR6             00300-0031F              20           1
        SFR7             00380-0039F              20           1
        SFR8             00400-0041F              20           1
        SFR9             00480-0049F              20           1
        STACK            02130-0231F             1F0           1
        STRCODE          00002-00003               2           2
                         003FE-003FF               2
                         00800-00B61             362
                         01000-01FFF            1000
        STRING           00002-00003               2           2
                         003FE-003FF               2
                         00800-00B61             100
                         01000-01FFF             100

                                  Symbol Table

Adf_Lock@adj                       cstackBANK1  000DC
Adf_Lock@bias                      cstackBANK1  000DE
Adf_Write_Register_One@reg         cstackBANK0  0003F
Adf_Write_Register_One@reg_ptr     cstackBANK0  00043
Adf_Write_Register_Three@reg       cstackBANK1  000D8
Adf_Write_Register_Three@reg_ptr   cstackBANK1  000D4
Adf_Write_Register_Two@reg         cstackBANK0  0004F
Adf_Write_Register_Two@reg_ptr     cstackBANK0  0004B
Adf_Write_Register_Zero@reg        cstackBANK0  00053
Adf_Write_Register_Zero@reg_ptr    cstackBANK0  0004F
Ax25_Send_Byte@byte                cstackBANK0  0002C
Ax25_Send_Flag@byte                cstackBANK0  00026
Ax25_Send_Flag@i                   cstackBANK0  00027
Ax25_Send_Footer@final_crc         cstackBANK0  0002C
Ax25_Send_Header@addresses         cstackBANK0  00033
Ax25_Send_Header@i                 cstackBANK0  00034
Ax25_Send_Header@j                 cstackBANK0  00031
Ax25_Send_Header@num_addresses     cstackBANK0  0002C
Ax25_Send_String@i                 cstackBANK0  0002F
Ax25_Send_String@string            cstackBANK0  0002D
Ax25_Send_Sync@byte                cstackBANK0  00026
Ax25_Send_Sync@i                   cstackBANK0  00027
Delay_ms@i                         cstackBANK0  00024
Delay_ms@time_to_delay             cstackBANK0  00020
Reverse_Array@F3148                bssBANK2     00125
Reverse_Array@buffer_array         cstackBANK0  0002D
Reverse_Array@i                    cstackBANK0  00032
Reverse_Array@input                cstackBANK0  00031
Reverse_Array@length               cstackBANK0  00027
Send_Byte@byte                     cstackBANK0  00029
Send_Byte@i                        cstackBANK0  0002A
Send_Vcxo_Signal@value             cstackCOMMON 00070
Sinus_Generator@Audio_Signal       cstackCOMMON 00076
Sinus_Generator@tone_index         bssBANK1     000C9
Spi_Byte_Send@data                 cstackBANK0  00027
Spi_Byte_Send@data_to_send         cstackBANK0  00028
Spi_Byte_Send@i                    cstackBANK0  00029
Update_Crc@input_bit               cstackBANK0  00022
Write_Adf7012_Reg@i                cstackBANK0  0002D
Write_Adf7012_Reg@reg_value        cstackBANK0  0002C
Write_Adf7012_Reg@size_of_reg      cstackBANK0  0002A
_ACKDT                             (abs)        010B5
_ADCON0                            (abs)        0009D
_ADCS0                             (abs)        004F4
_ADCS1                             (abs)        004F5
_ADCS2                             (abs)        004F6
_ADFM                              (abs)        004F7
_ADIE                              (abs)        0048E
_ADIF                              (abs)        0008E
_ADNREF                            (abs)        004F2
_ADON                              (abs)        004E8
_ADPREF0                           (abs)        004F0
_ADPREF1                           (abs)        004F1
_ADRESH                            (abs)        0009C
_ADRESL                            (abs)        0009B
_AHEN                              (abs)        010B9
_ANSA1                             (abs)        00C61
_Adc1_Start                        text39       00B78
_Adf_Lock                          text28       00F85
_Adf_Locked                        text37       00B62
_Adf_Reset                         text13       00BE7
_Adf_Reset_Config                  text8        00BB7
_Adf_Reset_Register_One            text12       00BD6
_Adf_Reset_Register_Three          text11       00CB3
_Adf_Reset_Register_Two            text10       00C24
_Adf_Reset_Register_Zero           text9        00C74
_Adf_Write_Config                  text6        00B9D
_Adf_Write_Register_One            text7        00E9B
_Adf_Write_Register_Three          text30       000DD
_Adf_Write_Register_Two            text18       004C4
_Adf_Write_Register_Zero           text29       00322
_Ax25_Send_Byte                    text21       00B7E
_Ax25_Send_Flag                    text27       00775
_Ax25_Send_Footer                  text24       00C3C
_Ax25_Send_Header                  text22       00249
_Ax25_Send_String                  text20       00C57
_Ax25_Send_Sync                    text23       00F0C
_BAUD_RATE                         stringtext   004BA
_BOEN                              (abs)        010BC
_CCP1IE                            (abs)        0048A
_CCP1IF                            (abs)        0008A
_CCP1M1                            (abs)        01499
_CCP1M2                            (abs)        0149A
_CCP1M3                            (abs)        0149B
_CCPR1H                            (abs)        00292
_CCPR1L                            (abs)        00291
_CKP                               (abs)        010AC
_Change_to_New_Baud                bssBANK1     000CA
_Configure_Audio                   text14       00C0C
_DACCON1                           (abs)        00119
_DACEN                             (abs)        008C7
_DACNSS                            (abs)        008C0
_DACOE                             (abs)        008C5
_DACPSS0                           (abs)        008C2
_DACPSS1                           (abs)        008C3
_DHEN                              (abs)        010B8
_Dac0_Start_Hold                   text34       00B6E
_Delay_ms                          text33       00C93
_GCEN                              (abs)        010B7
_Gpio_Config                       text19       003E9
_INTCON                            (abs)        0000B
_MODEM_TRANSMITTING                bssBANK1     000CB
_Modem_Flush_Frame                 text15       00D2C
_Modem_Setup                       text4        00B84
_OSCCON                            (abs)        00099
_OSCSTAT                           (abs)        0009A
_OSCTUNE                           (abs)        00098
_PCIE                              (abs)        010BE
_PHASE_DELTA_1200                  bssBANK2     00129
_PHASE_DELTA_2200                  bssBANK2     0012D
_PIR1                              (abs)        00011
_PLAYBACK_RATE                     stringtext   004B6
_PORTAbits                         (abs)        0000C
_PORTCbits                         (abs)        0000E
_PSA                               (abs)        004AB
_PTT_OFF                           bssBANK1     000CC
_Ptt_Off                           text3        00BF9
_Ptt_On                            text17       00DC4
_Radio_Setup                       text5        00BA9
_Read_Adf7012_Muxout               text38       00B96
_Reverse_Array                     text35       00E00
_SAMPLES_PER_BAUD                  bssBANK1     000CD
_SBCDE                             (abs)        010BA
_SCIE                              (abs)        010BD
_SEN                               (abs)        010B0
_SSP1ADD                           (abs)        00212
_SSP1BUF                           (abs)        00211
_SSP1CON2bits                      (abs)        00216
_SSP1IE                            (abs)        0048B
_SSP1IF                            (abs)        0008B
_SSP1STATbits                      (abs)        00214
_SSPEN                             (abs)        010AD
_SSPM0                             (abs)        010A8
_SSPM1                             (abs)        010A9
_SSPM2                             (abs)        010AA
_SSPM3                             (abs)        010AB
_SSPMSK                            (abs)        00213
_SSPOV                             (abs)        010AE
_Send_Byte                         text25       00631
_Send_Vcxo_Signal                  text43       00B69
_Sinus_Generator                   text41       0057B
_Spi_Byte_Send                     text32       00D02
_System_Start                      text2        00E44
_Systick_Counter                   bssBANK2     00131
_T1CKPS0                           (abs)        000C4
_T1CKPS1                           (abs)        000C5
_TABLE_SIZE                        stringtext   004BC
_TMR0                              (abs)        00015
_TMR0CS                            (abs)        004AD
_TMR0IE                            (abs)        0005D
_TMR0IF                            (abs)        0005A
_TMR1CS0                           (abs)        000C6
_TMR1CS1                           (abs)        000C7
_TMR1GE                            (abs)        000CF
_TMR1H                             (abs)        00017
_TMR1IE                            (abs)        00488
_TMR1IF                            (abs)        00088
_TMR1L                             (abs)        00016
_TMR1ON                            (abs)        000C0
_TRISA                             (abs)        0008C
_TRISC                             (abs)        0008E
_Timer0_Start                      text16       00B73
_Timer0_Stop                       text42       00B65
_Timer1_Start                      text1        007F1
_Update_Crc                        text26       00D59
_WCOL                              (abs)        010AF
_WDTPS0                            (abs)        004B9
_WDTPS1                            (abs)        004BA
_WDTPS2                            (abs)        004BB
_WDTPS3                            (abs)        004BC
_WDTPS4                            (abs)        004BD
_Write_Adf7012_Reg                 text31       00D8B
__CFG_BOREN$ON                     (abs)        00000
__CFG_BORV$LO                      (abs)        00000
__CFG_CLKOUTEN$OFF                 (abs)        00000
__CFG_CP$OFF                       (abs)        00000
__CFG_CPD$OFF                      (abs)        00000
__CFG_FCMEN$ON                     (abs)        00000
__CFG_FOSC$INTOSC                  (abs)        00000
__CFG_IESO$ON                      (abs)        00000
__CFG_LVP$ON                       (abs)        00000
__CFG_MCLRE$ON                     (abs)        00000
__CFG_PLLEN$ON                     (abs)        00000
__CFG_PWRTE$OFF                    (abs)        00000
__CFG_STVREN$ON                    (abs)        00000
__CFG_WDTE$ON                      (abs)        00000
__CFG_WRT$OFF                      (abs)        00000
__Habs1                            abs1         00000
__Hbank0                           bank0        00000
__Hbank1                           bank1        00000
__Hbank10                          bank10       00000
__Hbank11                          bank11       00000
__Hbank12                          bank12       00000
__Hbank13                          bank13       00000
__Hbank14                          bank14       00000
__Hbank15                          bank15       00000
__Hbank16                          bank16       00000
__Hbank17                          bank17       00000
__Hbank18                          bank18       00000
__Hbank19                          bank19       00000
__Hbank2                           bank2        00000
__Hbank20                          bank20       00000
__Hbank21                          bank21       00000
__Hbank22                          bank22       00000
__Hbank23                          bank23       00000
__Hbank24                          bank24       00000
__Hbank25                          bank25       00000
__Hbank26                          bank26       00000
__Hbank27                          bank27       00000
__Hbank28                          bank28       00000
__Hbank29                          bank29       00000
__Hbank3                           bank3        00000
__Hbank30                          bank30       00000
__Hbank31                          bank31       00000
__Hbank4                           bank4        00000
__Hbank5                           bank5        00000
__Hbank6                           bank6        00000
__Hbank7                           bank7        00000
__Hbank8                           bank8        00000
__Hbank9                           bank9        00000
__Hbigram                          bigram       00000
__HbssBANK0                        bssBANK0     00000
__HbssBANK1                        bssBANK1     00000
__HbssBANK2                        bssBANK2     00000
__HbssBANK3                        bssBANK3     00000
__HbssCOMMON                       bssCOMMON    00000
__Hcinit                           cinit        000DD
__Hclrtext                         clrtext      00000
__Hcode                            code         00000
__Hcommon                          common       00000
__Hconfig                          config       08009
__HcstackBANK0                     cstackBANK0  00000
__HcstackBANK1                     cstackBANK1  00000
__HcstackCOMMON                    cstackCOMMON 00000
__HdataBANK2                       dataBANK2    00000
__Heeprom_data                     eeprom_data  00000
__Hend_init                        end_init     000AF
__Hfunctab                         functab      00000
__HidataBANK2                      idataBANK2   00000
__Hidloc                           idloc        00000
__Hinit                            init         000AD
__Hinittext                        inittext     00000
__Hintentry                        intentry     000AD
__Hmaintext                        maintext     00000
__Hpowerup                         powerup      00000
__Hram                             ram          00000
__Hreset_vec                       reset_vec    00002
__Hsfr0                            sfr0         00000
__Hsfr1                            sfr1         00000
__Hsfr10                           sfr10        00000
__Hsfr11                           sfr11        00000
__Hsfr12                           sfr12        00000
__Hsfr13                           sfr13        00000
__Hsfr14                           sfr14        00000
__Hsfr15                           sfr15        00000
__Hsfr16                           sfr16        00000
__Hsfr17                           sfr17        00000
__Hsfr18                           sfr18        00000
__Hsfr19                           sfr19        00000
__Hsfr2                            sfr2         00000
__Hsfr20                           sfr20        00000
__Hsfr21                           sfr21        00000
__Hsfr22                           sfr22        00000
__Hsfr23                           sfr23        00000
__Hsfr24                           sfr24        00000
__Hsfr25                           sfr25        00000
__Hsfr26                           sfr26        00000
__Hsfr27                           sfr27        00000
__Hsfr28                           sfr28        00000
__Hsfr29                           sfr29        00000
__Hsfr3                            sfr3         00000
__Hsfr30                           sfr30        00000
__Hsfr31                           sfr31        00000
__Hsfr4                            sfr4         00000
__Hsfr5                            sfr5         00000
__Hsfr6                            sfr6         00000
__Hsfr7                            sfr7         00000
__Hsfr8                            sfr8         00000
__Hsfr9                            sfr9         00000
__Hspace_0                         (abs)        08009
__Hspace_1                         (abs)        001E0
__Hspace_2                         (abs)        00000
__Hspace_3                         (abs)        00000
__Hstack                           stack        00000
__Hstrings                         strings      00000
__Hstringtext                      stringtext   00000
__Htext                            text         00000
__Labs1                            abs1         00000
__Lbank0                           bank0        00000
__Lbank1                           bank1        00000
__Lbank10                          bank10       00000
__Lbank11                          bank11       00000
__Lbank12                          bank12       00000
__Lbank13                          bank13       00000
__Lbank14                          bank14       00000
__Lbank15                          bank15       00000
__Lbank16                          bank16       00000
__Lbank17                          bank17       00000
__Lbank18                          bank18       00000
__Lbank19                          bank19       00000
__Lbank2                           bank2        00000
__Lbank20                          bank20       00000
__Lbank21                          bank21       00000
__Lbank22                          bank22       00000
__Lbank23                          bank23       00000
__Lbank24                          bank24       00000
__Lbank25                          bank25       00000
__Lbank26                          bank26       00000
__Lbank27                          bank27       00000
__Lbank28                          bank28       00000
__Lbank29                          bank29       00000
__Lbank3                           bank3        00000
__Lbank30                          bank30       00000
__Lbank31                          bank31       00000
__Lbank4                           bank4        00000
__Lbank5                           bank5        00000
__Lbank6                           bank6        00000
__Lbank7                           bank7        00000
__Lbank8                           bank8        00000
__Lbank9                           bank9        00000
__Lbigram                          bigram       00000
__LbssBANK0                        bssBANK0     00000
__LbssBANK1                        bssBANK1     00000
__LbssBANK2                        bssBANK2     00000
__LbssBANK3                        bssBANK3     00000
__LbssCOMMON                       bssCOMMON    00000
__Lcinit                           cinit        000AF
__Lclrtext                         clrtext      00000
__Lcode                            code         00000
__Lcommon                          common       00000
__Lconfig                          config       08007
__LcstackBANK0                     cstackBANK0  00000
__LcstackBANK1                     cstackBANK1  00000
__LcstackCOMMON                    cstackCOMMON 00000
__LdataBANK2                       dataBANK2    00000
__Leeprom_data                     eeprom_data  00000
__Lend_init                        end_init     000AD
__Lfunctab                         functab      00000
__LidataBANK2                      idataBANK2   00000
__Lidloc                           idloc        00000
__Linit                            init         000AD
__Linittext                        inittext     00000
__Lintentry                        intentry     00004
__Lmaintext                        maintext     00000
__Lpowerup                         powerup      00000
__Lram                             ram          00000
__Lreset_vec                       reset_vec    00000
__Lsfr0                            sfr0         00000
__Lsfr1                            sfr1         00000
__Lsfr10                           sfr10        00000
__Lsfr11                           sfr11        00000
__Lsfr12                           sfr12        00000
__Lsfr13                           sfr13        00000
__Lsfr14                           sfr14        00000
__Lsfr15                           sfr15        00000
__Lsfr16                           sfr16        00000
__Lsfr17                           sfr17        00000
__Lsfr18                           sfr18        00000
__Lsfr19                           sfr19        00000
__Lsfr2                            sfr2         00000
__Lsfr20                           sfr20        00000
__Lsfr21                           sfr21        00000
__Lsfr22                           sfr22        00000
__Lsfr23                           sfr23        00000
__Lsfr24                           sfr24        00000
__Lsfr25                           sfr25        00000
__Lsfr26                           sfr26        00000
__Lsfr27                           sfr27        00000
__Lsfr28                           sfr28        00000
__Lsfr29                           sfr29        00000
__Lsfr3                            sfr3         00000
__Lsfr30                           sfr30        00000
__Lsfr31                           sfr31        00000
__Lsfr4                            sfr4         00000
__Lsfr5                            sfr5         00000
__Lsfr6                            sfr6         00000
__Lsfr7                            sfr7         00000
__Lsfr8                            sfr8         00000
__Lsfr9                            sfr9         00000
__Lspace_0                         (abs)        00000
__Lspace_1                         (abs)        00000
__Lspace_2                         (abs)        00000
__Lspace_3                         (abs)        00000
__Lstack                           stack        00000
__Lstrings                         strings      00000
__Lstringtext                      stringtext   00000
__Ltext                            text         00000
__S0                               (abs)        08009
__S1                               (abs)        001E0
__S2                               (abs)        00000
__S3                               (abs)        00000
___int_sp                          stack        00000
___latbits                         (abs)        00002
___sp                              stack        00000
__end_of_Adc1_Start                text39       00B7E
__end_of_Adf_Lock                  text28       01000
__end_of_Adf_Locked                text37       00B65
__end_of_Adf_Reset                 text13       00BF9
__end_of_Adf_Reset_Config          text8        00BC6
__end_of_Adf_Reset_Register_One    text12       00BE7
__end_of_Adf_Reset_Register_Three  text11       00CD9
__end_of_Adf_Reset_Register_Two    text10       00C3C
__end_of_Adf_Reset_Register_Zero   text9        00C93
__end_of_Adf_Write_Config          text6        00BA9
__end_of_Adf_Write_Register_One    text7        00F0C
__end_of_Adf_Write_Register_Three  text30       00249
__end_of_Adf_Write_Register_Two    text18       0057B
__end_of_Adf_Write_Register_Zero   text29       003E9
__end_of_Ax25_Send_Byte            text21       00B84
__end_of_Ax25_Send_Flag            text27       007F1
__end_of_Ax25_Send_Footer          text24       00C57
__end_of_Ax25_Send_Header          text22       00322
__end_of_Ax25_Send_String          text20       00C74
__end_of_Ax25_Send_Sync            text23       00F85
__end_of_BAUD_RATE                 stringtext   004BC
__end_of_Configure_Audio           text14       00C24
__end_of_Dac0_Start_Hold           text34       00B73
__end_of_Delay_ms                  text33       00CB3
__end_of_Gpio_Config               text19       003FE
__end_of_Modem_Flush_Frame         text15       00D59
__end_of_Modem_Setup               text4        00B8A
__end_of_PLAYBACK_RATE             stringtext   004BA
__end_of_Ptt_Off                   text3        00C0C
__end_of_Ptt_On                    text17       00E00
__end_of_Radio_Setup               text5        00BB7
__end_of_Read_Adf7012_Muxout       text38       00B9D
__end_of_Reverse_Array             text35       00E44
__end_of_Send_Byte                 text25       006E5
__end_of_Send_Vcxo_Signal          text43       00B6E
__end_of_Sinus_Generator           text41       00631
__end_of_Spi_Byte_Send             text32       00D2C
__end_of_System_Start              text2        00E9B
__end_of_TABLE_SIZE                stringtext   004BE
__end_of_Timer0_Start              text16       00B78
__end_of_Timer0_Stop               text42       00B69
__end_of_Timer1_Start              text1        00800
__end_of_Update_Crc                text26       00D8B
__end_of_Write_Adf7012_Reg         text31       00DC4
__end_of__initialization           cinit        000D9
__end_of__stringdata               stringtext   004C4
__end_of_global_interrupt          intentry     000AD
__end_of_main                      maintext     00775
__end_of_memcpy                    text36       00D02
__end_of_sine_table2               stringtext   004B6
__initialization                   cinit        000AF
__pbssBANK0                        bssBANK0     0006E
__pbssBANK1                        bssBANK1     000A0
__pbssBANK2                        bssBANK2     00120
__pbssBANK3                        bssBANK3     001A0
__pbssCOMMON                       bssCOMMON    00079
__pcstackBANK0                     cstackBANK0  00020
__pcstackBANK1                     cstackBANK1  000D4
__pcstackCOMMON                    cstackCOMMON 00070
__pdataBANK2                       dataBANK2    0013B
__pidataBANK2                      idataBANK2   00BC6
__pintentry                        intentry     00004
__pmaintext                        maintext     006E5
__pstringtext                      stringtext   00400
__ptext1                           text1        007F1
__ptext10                          text10       00C24
__ptext11                          text11       00CB3
__ptext12                          text12       00BD6
__ptext13                          text13       00BE7
__ptext14                          text14       00C0C
__ptext15                          text15       00D2C
__ptext16                          text16       00B73
__ptext17                          text17       00DC4
__ptext18                          text18       004C4
__ptext19                          text19       003E9
__ptext2                           text2        00E44
__ptext20                          text20       00C57
__ptext21                          text21       00B7E
__ptext22                          text22       00249
__ptext23                          text23       00F0C
__ptext24                          text24       00C3C
__ptext25                          text25       00631
__ptext26                          text26       00D59
__ptext27                          text27       00775
__ptext28                          text28       00F85
__ptext29                          text29       00322
__ptext3                           text3        00BF9
__ptext30                          text30       000DD
__ptext31                          text31       00D8B
__ptext32                          text32       00D02
__ptext33                          text33       00C93
__ptext34                          text34       00B6E
__ptext35                          text35       00E00
__ptext36                          text36       00CD9
__ptext37                          text37       00B62
__ptext38                          text38       00B96
__ptext39                          text39       00B78
__ptext4                           text4        00B84
__ptext41                          text41       0057B
__ptext42                          text42       00B65
__ptext43                          text43       00B69
__ptext5                           text5        00BA9
__ptext6                           text6        00B9D
__ptext7                           text7        00E9B
__ptext8                           text8        00BB7
__ptext9                           text9        00C74
__size_of_Adc1_Start               (abs)        00000
__size_of_Adf_Lock                 (abs)        00000
__size_of_Adf_Locked               (abs)        00000
__size_of_Adf_Reset                (abs)        00000
__size_of_Adf_Reset_Config         (abs)        00000
__size_of_Adf_Reset_Register_One   (abs)        00000
__size_of_Adf_Reset_Register_Three (abs)        00000
__size_of_Adf_Reset_Register_Two   (abs)        00000
__size_of_Adf_Reset_Register_Zero  (abs)        00000
__size_of_Adf_Write_Config         (abs)        00000
__size_of_Adf_Write_Register_One   (abs)        00000
__size_of_Adf_Write_Register_Three (abs)        00000
__size_of_Adf_Write_Register_Two   (abs)        00000
__size_of_Adf_Write_Register_Zero  (abs)        00000
__size_of_Ax25_Send_Byte           (abs)        00000
__size_of_Ax25_Send_Flag           (abs)        00000
__size_of_Ax25_Send_Footer         (abs)        00000
__size_of_Ax25_Send_Header         (abs)        00000
__size_of_Ax25_Send_String         (abs)        00000
__size_of_Ax25_Send_Sync           (abs)        00000
__size_of_Configure_Audio          (abs)        00000
__size_of_Dac0_Start_Hold          (abs)        00000
__size_of_Delay_ms                 (abs)        00000
__size_of_Gpio_Config              (abs)        00000
__size_of_Modem_Flush_Frame        (abs)        00000
__size_of_Modem_Setup              (abs)        00000
__size_of_Ptt_Off                  (abs)        00000
__size_of_Ptt_On                   (abs)        00000
__size_of_Radio_Setup              (abs)        00000
__size_of_Read_Adf7012_Muxout      (abs)        00000
__size_of_Reverse_Array            (abs)        00000
__size_of_Send_Byte                (abs)        00000
__size_of_Send_Vcxo_Signal         (abs)        00000
__size_of_Sinus_Generator          (abs)        00000
__size_of_Spi_Byte_Send            (abs)        00000
__size_of_System_Start             (abs)        00000
__size_of_Timer0_Start             (abs)        00000
__size_of_Timer0_Stop              (abs)        00000
__size_of_Timer1_Start             (abs)        00000
__size_of_Update_Crc               (abs)        00000
__size_of_Write_Adf7012_Reg        (abs)        00000
__size_of_global_interrupt         (abs)        00000
__size_of_main                     (abs)        00000
__size_of_memcpy                   (abs)        00000
__stringdata                       stringtext   004BE
_adc__high                         bssBANK1     000CE
_adc__low                          bssBANK1     000CF
_adf_config                        bssBANK1     000A0
_crc                               bssBANK1     000C7
_current_byte                      bssBANK0     0006E
_current_sample_in_baud            bssBANK1     000D0
_global_interrupt                  intentry     00004
_i2c_address                       bssBANK1     000D1
_i2c_data                          bssBANK2     00120
_i2c_data_index                    bssCOMMON    0007D
_i2c_dummy                         bssBANK1     000D2
_main                              maintext     006E5
_memcpy                            text36       00CD9
_modem_packet                      bssBANK3     001A0
_modem_packet_size                 bssCOMMON    00079
_ones_in_a_row                     bssBANK2     00139
_packet_pos                        bssBANK2     00135
_phase                             bssBANK0     0006F
_phase_delta                       bssBANK1     000D3
_sine_table2                       stringtext   00400
btemp                              (abs)        0007E
clear_ram0                         clrtext      00B90
end_of_initialization              cinit        000D9
init_ram                           inittext     00B8A
intlevel0                          functab      00000
intlevel1                          functab      00000
intlevel2                          functab      00000
intlevel3                          functab      00000
intlevel4                          functab      00000
intlevel5                          functab      00000
ltemp                              (abs)        0007E
ltemp0                             (abs)        0007E
ltemp1                             (abs)        00082
ltemp2                             (abs)        00086
ltemp3                             (abs)        00080
main@F3173                         dataBANK2    0013B
main@beacon_address                cstackBANK1  000E0
memcpy@d                           cstackBANK0  00024
memcpy@d1                          cstackBANK0  00026
memcpy@n                           cstackBANK0  00021
memcpy@s                           cstackBANK0  00025
memcpy@s1                          cstackBANK0  00020
pic14e$flags                       (abs)        0007E
reset_vec                          reset_vec    00000
stackhi                            (abs)        0231F
stacklo                            (abs)        02130
start                              init         000AD
start_initialization               cinit        000AF
ttemp                              (abs)        0007E
ttemp0                             (abs)        0007E
ttemp1                             (abs)        00081
ttemp2                             (abs)        00084
ttemp3                             (abs)        00087
ttemp4                             (abs)        0007F
wtemp                              (abs)        0007E
wtemp0                             (abs)        0007E
wtemp1                             (abs)        00080
wtemp2                             (abs)        00082
wtemp3                             (abs)        00084
wtemp4                             (abs)        00086
wtemp5                             (abs)        00088
wtemp6                             (abs)        0007F


FUNCTION INFORMATION:

 *************** function _main *****************
 Defined at:
		line 260 in file "main.c"
 Parameters:    Size  Location     Type
		None
 Auto vars:     Size  Location     Type
  beacon_addre   16   12[BANK1 ] struct .[2]
 Return value:  Size  Location     Type
                  2  208[COMMON] int 
 Registers used:
		wreg, fsr0l, fsr0h, fsr1l, fsr1h, status,2, status,0, pclath, cstack
 Tracked objects:
		On entry : 
		On exit  : 
		Unchanged: 
 Data sizes:     COMMON   BANK0   BANK1   BANK2   BANK3   BANK4   BANK5   BANK6   BANK7   BANK8   BANK9  BANK10  BANK11  BANK12
      Params:         0       0       0       0       0       0       0       0       0       0       0       0       0       0
      Locals:         0       0      16       0       0       0       0       0       0       0       0       0       0       0
      Temps:          0       1       0       0       0       0       0       0       0       0       0       0       0       0
      Totals:         0       1      16       0       0       0       0       0       0       0       0       0       0       0
Total ram usage:       17 bytes
 Hardware stack levels required when called:   11
 This function calls:
		_Adc1_Start
		_Adf_Lock
		_Ax25_Send_Footer
		_Ax25_Send_Header
		_Ax25_Send_String
		_Dac0_Start_Hold
		_Delay_ms
		_Gpio_Config
		_Modem_Flush_Frame
		_Modem_Setup
		_Ptt_Off
		_System_Start
		_Timer1_Start
 This function is called by:
		Startup code after reset
 This function uses a non-reentrant model


 *************** function _Timer1_Start *****************
 Defined at:
		line 254 in file "utility.c"
 Parameters:    Size  Location     Type
		None
 Auto vars:     Size  Location     Type
		None
 Return value:  Size  Location     Type
		None               void
 Registers used:
		wreg, status,2
 Tracked objects:
		On entry : 
		On exit  : 
		Unchanged: 
 Data sizes:     COMMON   BANK0   BANK1   BANK2   BANK3   BANK4   BANK5   BANK6   BANK7   BANK8   BANK9  BANK10  BANK11  BANK12
      Params:         0       0       0       0       0       0       0       0       0       0       0       0       0       0
      Locals:         0       0       0       0       0       0       0       0       0       0       0       0       0       0
      Temps:          0       0       0       0       0       0       0       0       0       0       0       0       0       0
      Totals:         0       0       0       0       0       0       0       0       0       0       0       0       0       0
Total ram usage:        0 bytes
 Hardware stack levels used:    1
 Hardware stack levels required when called:    3
 This function calls:
		Nothing
 This function is called by:
		_main
 This function uses a non-reentrant model


 *************** function _System_Start *****************
 Defined at:
		line 168 in file "main.c"
 Parameters:    Size  Location     Type
		None
 Auto vars:     Size  Location     Type
		None
 Return value:  Size  Location     Type
		None               void
 Registers used:
		wreg, status,2, status,0
 Tracked objects:
		On entry : 
		On exit  : 
		Unchanged: 
 Data sizes:     COMMON   BANK0   BANK1   BANK2   BANK3   BANK4   BANK5   BANK6   BANK7   BANK8   BANK9  BANK10  BANK11  BANK12
      Params:         0       0       0       0       0       0       0       0       0       0       0       0       0       0
      Locals:         0       0       0       0       0       0       0       0       0       0       0       0       0       0
      Temps:          0       1       0       0       0       0       0       0       0       0       0       0       0       0
      Totals:         0       1       0       0       0       0       0       0       0       0       0       0       0       0
Total ram usage:        1 bytes
 Hardware stack levels used:    1
 Hardware stack levels required when called:    3
 This function calls:
		Nothing
 This function is called by:
		_main
 This function uses a non-reentrant model


 *************** function _Ptt_Off *****************
 Defined at:
		line 352 in file "adf7012.c"
 Parameters:    Size  Location     Type
		None
 Auto vars:     Size  Location     Type
		None
 Return value:  Size  Location     Type
		None               void
 Registers used:
		wreg, fsr1l, fsr1h, status,2, status,0, pclath, cstack
 Tracked objects:
		On entry : 
		On exit  : 
		Unchanged: 
 Data sizes:     COMMON   BANK0   BANK1   BANK2   BANK3   BANK4   BANK5   BANK6   BANK7   BANK8   BANK9  BANK10  BANK11  BANK12
      Params:         0       0       0       0       0       0       0       0       0       0       0       0       0       0
      Locals:         0       0       0       0       0       0       0       0       0       0       0       0       0       0
      Temps:          0       0       0       0       0       0       0       0       0       0       0       0       0       0
      Totals:         0       0       0       0       0       0       0       0       0       0       0       0       0       0
Total ram usage:        0 bytes
 Hardware stack levels used:    1
 Hardware stack levels required when called:    8
 This function calls:
		_Adf_Write_Register_Three
		_Adf_Write_Register_Two
		_Delay_ms
 This function is called by:
		_main
 This function uses a non-reentrant model


 *************** function _Modem_Setup *****************
 Defined at:
		line 53 in file "audio_tone.c"
 Parameters:    Size  Location     Type
		None
 Auto vars:     Size  Location     Type
		None
 Return value:  Size  Location     Type
		None               void
 Registers used:
		wreg, fsr1l, fsr1h, status,2, status,0, pclath, cstack
 Tracked objects:
		On entry : 
		On exit  : 
		Unchanged: 
 Data sizes:     COMMON   BANK0   BANK1   BANK2   BANK3   BANK4   BANK5   BANK6   BANK7   BANK8   BANK9  BANK10  BANK11  BANK12
      Params:         0       0       0       0       0       0       0       0       0       0       0       0       0       0
      Locals:         0       0       0       0       0       0       0       0       0       0       0       0       0       0
      Temps:          0       0       0       0       0       0       0       0       0       0       0       0       0       0
      Totals:         0       0       0       0       0       0       0       0       0       0       0       0       0       0
Total ram usage:        0 bytes
 Hardware stack levels used:    1
 Hardware stack levels required when called:   10
 This function calls:
		_Configure_Audio
		_Radio_Setup
 This function is called by:
		_main
 This function uses a non-reentrant model


 *************** function _Radio_Setup *****************
 Defined at:
		line 305 in file "adf7012.c"
 Parameters:    Size  Location     Type
		None
 Auto vars:     Size  Location     Type
		None
 Return value:  Size  Location     Type
		None               void
 Registers used:
		wreg, fsr1l, fsr1h, status,2, status,0, pclath, cstack
 Tracked objects:
		On entry : 
		On exit  : 
		Unchanged: 
 Data sizes:     COMMON   BANK0   BANK1   BANK2   BANK3   BANK4   BANK5   BANK6   BANK7   BANK8   BANK9  BANK10  BANK11  BANK12
      Params:         0       0       0       0       0       0       0       0       0       0       0       0       0       0
      Locals:         0       0       0       0       0       0       0       0       0       0       0       0       0       0
      Temps:          0       0       0       0       0       0       0       0       0       0       0       0       0       0
      Totals:         0       0       0       0       0       0       0       0       0       0       0       0       0       0
Total ram usage:        0 bytes
 Hardware stack levels used:    1
 Hardware stack levels required when called:    9
 This function calls:
		_Adf_Reset_Config
		_Adf_Write_Config
		_Delay_ms
 This function is called by:
		_Modem_Setup
 This function uses a non-reentrant model


 *************** function _Adf_Write_Config *****************
 Defined at:
		line 150 in file "adf7012.c"
 Parameters:    Size  Location     Type
		None
 Auto vars:     Size  Location     Type
		None
 Return value:  Size  Location     Type
		None               void
 Registers used:
		wreg, fsr1l, fsr1h, status,2, status,0, pclath, cstack
 Tracked objects:
		On entry : 
		On exit  : 
		Unchanged: 
 Data sizes:     COMMON   BANK0   BANK1   BANK2   BANK3   BANK4   BANK5   BANK6   BANK7   BANK8   BANK9  BANK10  BANK11  BANK12
      Params:         0       0       0       0       0       0       0       0       0       0       0       0       0       0
      Locals:         0       0       0       0       0       0       0       0       0       0       0       0       0       0
      Temps:          0       0       0       0       0       0       0       0       0       0       0       0       0       0
      Totals:         0       0       0       0       0       0       0       0       0       0       0       0       0       0
Total ram usage:        0 bytes
 Hardware stack levels used:    1
 Hardware stack levels required when called:    8
 This function calls:
		_Adf_Write_Register_One
		_Adf_Write_Register_Three
		_Adf_Write_Register_Two
		_Adf_Write_Register_Zero
 This function is called by:
		_Radio_Setup
 This function uses a non-reentrant model


 *************** function _Adf_Write_Register_One *****************
 Defined at:
		line 176 in file "adf7012.c"
 Parameters:    Size  Location     Type
		None
 Auto vars:     Size  Location     Type
  reg             4   31[BANK0 ] unsigned long 
  reg_ptr         3   35[BANK0 ] unsigned char [3]
 Return value:  Size  Location     Type
		None               void
 Registers used:
		wreg, fsr1l, fsr1h, status,2, status,0, pclath, cstack
 Tracked objects:
		On entry : 
		On exit  : 
		Unchanged: 
 Data sizes:     COMMON   BANK0   BANK1   BANK2   BANK3   BANK4   BANK5   BANK6   BANK7   BANK8   BANK9  BANK10  BANK11  BANK12
      Params:         0       0       0       0       0       0       0       0       0       0       0       0       0       0
      Locals:         0       7       0       0       0       0       0       0       0       0       0       0       0       0
      Temps:          0      12       0       0       0       0       0       0       0       0       0       0       0       0
      Totals:         0      19       0       0       0       0       0       0       0       0       0       0       0       0
Total ram usage:       19 bytes
 Hardware stack levels used:    1
 Hardware stack levels required when called:    7
 This function calls:
		_Reverse_Array
		_Write_Adf7012_Reg
		_memcpy
 This function is called by:
		_Adf_Write_Config
 This function uses a non-reentrant model


 *************** function _Adf_Reset_Config *****************
 Defined at:
		line 84 in file "adf7012.c"
 Parameters:    Size  Location     Type
		None
 Auto vars:     Size  Location     Type
		None
 Return value:  Size  Location     Type
		None               void
 Registers used:
		wreg, status,2, status,0, pclath, cstack
 Tracked objects:
		On entry : 
		On exit  : 
		Unchanged: 
 Data sizes:     COMMON   BANK0   BANK1   BANK2   BANK3   BANK4   BANK5   BANK6   BANK7   BANK8   BANK9  BANK10  BANK11  BANK12
      Params:         0       0       0       0       0       0       0       0       0       0       0       0       0       0
      Locals:         0       0       0       0       0       0       0       0       0       0       0       0       0       0
      Temps:          0       0       0       0       0       0       0       0       0       0       0       0       0       0
      Totals:         0       0       0       0       0       0       0       0       0       0       0       0       0       0
Total ram usage:        0 bytes
 Hardware stack levels used:    1
 Hardware stack levels required when called:    6
 This function calls:
		_Adf_Reset
		_Adf_Reset_Register_One
		_Adf_Reset_Register_Three
		_Adf_Reset_Register_Two
		_Adf_Reset_Register_Zero
 This function is called by:
		_Radio_Setup
 This function uses a non-reentrant model


 *************** function _Adf_Reset_Register_Zero *****************
 Defined at:
		line 96 in file "adf7012.c"
 Parameters:    Size  Location     Type
		None
 Auto vars:     Size  Location     Type
		None
 Return value:  Size  Location     Type
		None               void
 Registers used:
		wreg, status,2
 Tracked objects:
		On entry : 
		On exit  : 
		Unchanged: 
 Data sizes:     COMMON   BANK0   BANK1   BANK2   BANK3   BANK4   BANK5   BANK6   BANK7   BANK8   BANK9  BANK10  BANK11  BANK12
      Params:         0       0       0       0       0       0       0       0       0       0       0       0       0       0
      Locals:         0       0       0       0       0       0       0       0       0       0       0       0       0       0
      Temps:          0       1       0       0       0       0       0       0       0       0       0       0       0       0
      Totals:         0       1       0       0       0       0       0       0       0       0       0       0       0       0
Total ram usage:        1 bytes
 Hardware stack levels used:    1
 Hardware stack levels required when called:    3
 This function calls:
		Nothing
 This function is called by:
		_Adf_Reset_Config
 This function uses a non-reentrant model


 *************** function _Adf_Reset_Register_Two *****************
 Defined at:
		line 112 in file "adf7012.c"
 Parameters:    Size  Location     Type
		None
 Auto vars:     Size  Location     Type
		None
 Return value:  Size  Location     Type
		None               void
 Registers used:
		wreg, status,2
 Tracked objects:
		On entry : 
		On exit  : 
		Unchanged: 
 Data sizes:     COMMON   BANK0   BANK1   BANK2   BANK3   BANK4   BANK5   BANK6   BANK7   BANK8   BANK9  BANK10  BANK11  BANK12
      Params:         0       0       0       0       0       0       0       0       0       0       0       0       0       0
      Locals:         0       0       0       0       0       0       0       0       0       0       0       0       0       0
      Temps:          0       1       0       0       0       0       0       0       0       0       0       0       0       0
      Totals:         0       1       0       0       0       0       0       0       0       0       0       0       0       0
Total ram usage:        1 bytes
 Hardware stack levels used:    1
 Hardware stack levels required when called:    3
 This function calls:
		Nothing
 This function is called by:
		_Adf_Reset_Config
 This function uses a non-reentrant model


 *************** function _Adf_Reset_Register_Three *****************
 Defined at:
		line 121 in file "adf7012.c"
 Parameters:    Size  Location     Type
		None
 Auto vars:     Size  Location     Type
		None
 Return value:  Size  Location     Type
		None               void
 Registers used:
		wreg, status,2
 Tracked objects:
		On entry : 
		On exit  : 
		Unchanged: 
 Data sizes:     COMMON   BANK0   BANK1   BANK2   BANK3   BANK4   BANK5   BANK6   BANK7   BANK8   BANK9  BANK10  BANK11  BANK12
      Params:         0       0       0       0       0       0       0       0       0       0       0       0       0       0
      Locals:         0       0       0       0       0       0       0       0       0       0       0       0       0       0
      Temps:          0       1       0       0       0       0       0       0       0       0       0       0       0       0
      Totals:         0       1       0       0       0       0       0       0       0       0       0       0       0       0
Total ram usage:        1 bytes
 Hardware stack levels used:    1
 Hardware stack levels required when called:    3
 This function calls:
		Nothing
 This function is called by:
		_Adf_Reset_Config
 This function uses a non-reentrant model


 *************** function _Adf_Reset_Register_One *****************
 Defined at:
		line 106 in file "adf7012.c"
 Parameters:    Size  Location     Type
		None
 Auto vars:     Size  Location     Type
		None
 Return value:  Size  Location     Type
		None               void
 Registers used:
		wreg
 Tracked objects:
		On entry : 
		On exit  : 
		Unchanged: 
 Data sizes:     COMMON   BANK0   BANK1   BANK2   BANK3   BANK4   BANK5   BANK6   BANK7   BANK8   BANK9  BANK10  BANK11  BANK12
      Params:         0       0       0       0       0       0       0       0       0       0       0       0       0       0
      Locals:         0       0       0       0       0       0       0       0       0       0       0       0       0       0
      Temps:          0       1       0       0       0       0       0       0       0       0       0       0       0       0
      Totals:         0       1       0       0       0       0       0       0       0       0       0       0       0       0
Total ram usage:        1 bytes
 Hardware stack levels used:    1
 Hardware stack levels required when called:    3
 This function calls:
		Nothing
 This function is called by:
		_Adf_Reset_Config
 This function uses a non-reentrant model


 *************** function _Adf_Reset *****************
 Defined at:
		line 140 in file "adf7012.c"
 Parameters:    Size  Location     Type
		None
 Auto vars:     Size  Location     Type
		None
 Return value:  Size  Location     Type
		None               void
 Registers used:
		wreg, status,2, status,0, pclath, cstack
 Tracked objects:
		On entry : 
		On exit  : 
		Unchanged: 
 Data sizes:     COMMON   BANK0   BANK1   BANK2   BANK3   BANK4   BANK5   BANK6   BANK7   BANK8   BANK9  BANK10  BANK11  BANK12
      Params:         0       0       0       0       0       0       0       0       0       0       0       0       0       0
      Locals:         0       0       0       0       0       0       0       0       0       0       0       0       0       0
      Temps:          0       0       0       0       0       0       0       0       0       0       0       0       0       0
      Totals:         0       0       0       0       0       0       0       0       0       0       0       0       0       0
Total ram usage:        0 bytes
 Hardware stack levels used:    1
 Hardware stack levels required when called:    5
 This function calls:
		_Delay_ms
 This function is called by:
		_Adf_Reset_Config
 This function uses a non-reentrant model


 *************** function _Configure_Audio *****************
 Defined at:
		line 47 in file "audio_tone.c"
 Parameters:    Size  Location     Type
		None
 Auto vars:     Size  Location     Type
		None
 Return value:  Size  Location     Type
		None               void
 Registers used:
		wreg
 Tracked objects:
		On entry : 
		On exit  : 
		Unchanged: 
 Data sizes:     COMMON   BANK0   BANK1   BANK2   BANK3   BANK4   BANK5   BANK6   BANK7   BANK8   BANK9  BANK10  BANK11  BANK12
      Params:         0       0       0       0       0       0       0       0       0       0       0       0       0       0
      Locals:         0       0       0       0       0       0       0       0       0       0       0       0       0       0
      Temps:          0       1       0       0       0       0       0       0       0       0       0       0       0       0
      Totals:         0       1       0       0       0       0       0       0       0       0       0       0       0       0
Total ram usage:        1 bytes
 Hardware stack levels used:    1
 Hardware stack levels required when called:    3
 This function calls:
		Nothing
 This function is called by:
		_Modem_Setup
 This function uses a non-reentrant model


 *************** function _Modem_Flush_Frame *****************
 Defined at:
		line 59 in file "audio_tone.c"
 Parameters:    Size  Location     Type
		None
 Auto vars:     Size  Location     Type
		None
 Return value:  Size  Location     Type
		None               void
 Registers used:
		wreg, fsr1l, fsr1h, status,2, status,0, pclath, cstack
 Tracked objects:
		On entry : 
		On exit  : 
		Unchanged: 
 Data sizes:     COMMON   BANK0   BANK1   BANK2   BANK3   BANK4   BANK5   BANK6   BANK7   BANK8   BANK9  BANK10  BANK11  BANK12
      Params:         0       0       0       0       0       0       0       0       0       0       0       0       0       0
      Locals:         0       0       0       0       0       0       0       0       0       0       0       0       0       0
      Temps:          0       1       0       0       0       0       0       0       0       0       0       0       0       0
      Totals:         0       1       0       0       0       0       0       0       0       0       0       0       0       0
Total ram usage:        1 bytes
 Hardware stack levels used:    1
 Hardware stack levels required when called:    9
 This function calls:
		_Delay_ms
		_Ptt_On
		_Timer0_Start
 This function is called by:
		_main
 This function uses a non-reentrant model


 *************** function _Timer0_Start *****************
 Defined at:
		line 244 in file "utility.c"
 Parameters:    Size  Location     Type
		None
 Auto vars:     Size  Location     Type
		None
 Return value:  Size  Location     Type
		None               void
 Registers used:
		status,2
 Tracked objects:
		On entry : 
		On exit  : 
		Unchanged: 
 Data sizes:     COMMON   BANK0   BANK1   BANK2   BANK3   BANK4   BANK5   BANK6   BANK7   BANK8   BANK9  BANK10  BANK11  BANK12
      Params:         0       0       0       0       0       0       0       0       0       0       0       0       0       0
[...]
      Params:         0       0       0       0       0       0       0       0       0       0       0       0       0       0
      Locals:         0       3       0       0       0       0       0       0       0       0       0       0       0       0
      Temps:          0       1       0       0       0       0       0       0       0       0       0       0       0       0
      Totals:         0       4       0       0       0       0       0       0       0       0       0       0       0       0
Total ram usage:        4 bytes
 Hardware stack levels used:    1
 Hardware stack levels required when called:    5
 This function calls:
		_Delay_ms
 This function is called by:
		_Write_Adf7012_Reg
 This function uses a non-reentrant model


 *************** function _Delay_ms *****************
 Defined at:
		line 44 in file "utility.c"
 Parameters:    Size  Location     Type
  time_to_dela    2    0[BANK0 ] unsigned int 
 Auto vars:     Size  Location     Type
  i               2    4[BANK0 ] unsigned int 
 Return value:  Size  Location     Type
		None               void
 Registers used:
		wreg, status,2, status,0, pclath, cstack
 Tracked objects:
		On entry : 
		On exit  : 
		Unchanged: 
 Data sizes:     COMMON   BANK0   BANK1   BANK2   BANK3   BANK4   BANK5   BANK6   BANK7   BANK8   BANK9  BANK10  BANK11  BANK12
      Params:         0       2       0       0       0       0       0       0       0       0       0       0       0       0
      Locals:         0       2       0       0       0       0       0       0       0       0       0       0       0       0
      Temps:          0       2       0       0       0       0       0       0       0       0       0       0       0       0
      Totals:         0       6       0       0       0       0       0       0       0       0       0       0       0       0
Total ram usage:        6 bytes
 Hardware stack levels used:    1
 Hardware stack levels required when called:    4
 This function calls:
		_Dac0_Start_Hold
 This function is called by:
		_main
		_Write_Adf7012_Reg
		_Spi_Byte_Send
		_Adf_Reset
		_Adf_Lock
		_Radio_Setup
		_Ptt_On
		_Ptt_Off
		_Modem_Flush_Frame
 This function uses a non-reentrant model


 *************** function _Dac0_Start_Hold *****************
 Defined at:
		line 275 in file "utility.c"
 Parameters:    Size  Location     Type
		None
 Auto vars:     Size  Location     Type
		None
 Return value:  Size  Location     Type
		None               void
 Registers used:
		wreg
 Tracked objects:
		On entry : 
		On exit  : 
		Unchanged: 
 Data sizes:     COMMON   BANK0   BANK1   BANK2   BANK3   BANK4   BANK5   BANK6   BANK7   BANK8   BANK9  BANK10  BANK11  BANK12
      Params:         0       0       0       0       0       0       0       0       0       0       0       0       0       0
      Locals:         0       0       0       0       0       0       0       0       0       0       0       0       0       0
      Temps:          0       0       0       0       0       0       0       0       0       0       0       0       0       0
      Totals:         0       0       0       0       0       0       0       0       0       0       0       0       0       0
Total ram usage:        0 bytes
 Hardware stack levels used:    1
 Hardware stack levels required when called:    3
 This function calls:
		Nothing
 This function is called by:
		_main
		_Delay_ms
 This function uses a non-reentrant model


 *************** function _Reverse_Array *****************
 Defined at:
		line 198 in file "utility.c"
 Parameters:    Size  Location     Type
  input           1    wreg     PTR unsigned char 
		 -> Adf_Write_Register_Three@reg_ptr(4), Adf_Write_Register_Two@reg_ptr(4), Adf_Write_Register_One@reg_ptr(3), Adf_Write_Register_Zero@reg_ptr(4), 
  length          1    7[BANK0 ] unsigned char 
 Auto vars:     Size  Location     Type
  input           1   17[BANK0 ] PTR unsigned char 
		 -> Adf_Write_Register_Three@reg_ptr(4), Adf_Write_Register_Two@reg_ptr(4), Adf_Write_Register_One@reg_ptr(3), Adf_Write_Register_Zero@reg_ptr(4), 
  buffer_array    4   13[BANK0 ] unsigned char [4]
  i               1   18[BANK0 ] unsigned char 
 Return value:  Size  Location     Type
                  1    wreg      unsigned char 
 Registers used:
		wreg, fsr1l, fsr1h, status,2, status,0, pclath, cstack
 Tracked objects:
		On entry : 
		On exit  : 
		Unchanged: 
 Data sizes:     COMMON   BANK0   BANK1   BANK2   BANK3   BANK4   BANK5   BANK6   BANK7   BANK8   BANK9  BANK10  BANK11  BANK12
      Params:         0       1       0       0       0       0       0       0       0       0       0       0       0       0
      Locals:         0       6       0       0       0       0       0       0       0       0       0       0       0       0
      Temps:          0       5       0       0       0       0       0       0       0       0       0       0       0       0
      Totals:         0      12       0       0       0       0       0       0       0       0       0       0       0       0
Total ram usage:       12 bytes
 Hardware stack levels used:    1
 Hardware stack levels required when called:    4
 This function calls:
		_memcpy
 This function is called by:
		_Adf_Write_Register_Zero
		_Adf_Write_Register_One
		_Adf_Write_Register_Two
		_Adf_Write_Register_Three
 This function uses a non-reentrant model


 *************** function _memcpy *****************
 Defined at:
		line 11 in file "C:\Program Files (x86)\Microchip\xc8\v1.33\sources\common\memcpy.c"
 Parameters:    Size  Location     Type
  d1              1    wreg     PTR void 
		 -> Adf_Write_Register_Three@reg_ptr(4), Adf_Write_Register_Two@reg_ptr(4), Adf_Write_Register_One@reg_ptr(3), Adf_Write_Register_Zero@reg_ptr(4), 
		 -> Reverse_Array@buffer_array(4), 
  s1              1    0[BANK0 ] PTR const void 
		 -> Adf_Write_Register_Three@reg_ptr(4), Adf_Write_Register_Three@reg(4), Adf_Write_Register_Two@reg_ptr(4), Adf_Write_Register_Two@reg(4), 
		 -> Adf_Write_Register_One@reg_ptr(3), Adf_Write_Register_One@reg(4), Adf_Write_Register_Zero@reg_ptr(4), Adf_Write_Register_Zero@reg(4), 
  n               2    1[BANK0 ] unsigned int 
 Auto vars:     Size  Location     Type
  d1              1    6[BANK0 ] PTR void 
		 -> Adf_Write_Register_Three@reg_ptr(4), Adf_Write_Register_Two@reg_ptr(4), Adf_Write_Register_One@reg_ptr(3), Adf_Write_Register_Zero@reg_ptr(4), 
		 -> Reverse_Array@buffer_array(4), 
  s               1    5[BANK0 ] PTR const unsigned char 
		 -> Adf_Write_Register_Three@reg_ptr(4), Adf_Write_Register_Three@reg(4), Adf_Write_Register_Two@reg_ptr(4), Adf_Write_Register_Two@reg(4), 
		 -> Adf_Write_Register_One@reg_ptr(3), Adf_Write_Register_One@reg(4), Adf_Write_Register_Zero@reg_ptr(4), Adf_Write_Register_Zero@reg(4), 
  d               1    4[BANK0 ] PTR unsigned char 
		 -> Adf_Write_Register_Three@reg_ptr(4), Adf_Write_Register_Two@reg_ptr(4), Adf_Write_Register_One@reg_ptr(3), Adf_Write_Register_Zero@reg_ptr(4), 
		 -> Reverse_Array@buffer_array(4), 
 Return value:  Size  Location     Type
                  1    wreg      PTR void 
 Registers used:
		wreg, fsr1l, fsr1h, status,2, status,0
 Tracked objects:
		On entry : 
		On exit  : 
		Unchanged: 
 Data sizes:     COMMON   BANK0   BANK1   BANK2   BANK3   BANK4   BANK5   BANK6   BANK7   BANK8   BANK9  BANK10  BANK11  BANK12
      Params:         0       3       0       0       0       0       0       0       0       0       0       0       0       0
      Locals:         0       3       0       0       0       0       0       0       0       0       0       0       0       0
      Temps:          0       1       0       0       0       0       0       0       0       0       0       0       0       0
      Totals:         0       7       0       0       0       0       0       0       0       0       0       0       0       0
Total ram usage:        7 bytes
 Hardware stack levels used:    1
 Hardware stack levels required when called:    3
 This function calls:
		Nothing
 This function is called by:
		_Reverse_Array
		_Adf_Write_Register_Zero
		_Adf_Write_Register_One
		_Adf_Write_Register_Two
		_Adf_Write_Register_Three
 This function uses a non-reentrant model


 *************** function _Adf_Locked *****************
 Defined at:
		line 276 in file "adf7012.c"
 Parameters:    Size  Location     Type
		None
 Auto vars:     Size  Location     Type
		None
 Return value:  Size  Location     Type
                  1    wreg      unsigned char 
 Registers used:
		wreg, pclath, cstack
 Tracked objects:
		On entry : 
		On exit  : 
		Unchanged: 
 Data sizes:     COMMON   BANK0   BANK1   BANK2   BANK3   BANK4   BANK5   BANK6   BANK7   BANK8   BANK9  BANK10  BANK11  BANK12
      Params:         0       0       0       0       0       0       0       0       0       0       0       0       0       0
      Locals:         0       0       0       0       0       0       0       0       0       0       0       0       0       0
      Temps:          0       0       0       0       0       0       0       0       0       0       0       0       0       0
      Totals:         0       0       0       0       0       0       0       0       0       0       0       0       0       0
Total ram usage:        0 bytes
 Hardware stack levels used:    1
 Hardware stack levels required when called:    4
 This function calls:
		_Read_Adf7012_Muxout
 This function is called by:
		_Adf_Lock
 This function uses a non-reentrant model


 *************** function _Read_Adf7012_Muxout *****************
 Defined at:
		line 64 in file "utility.c"
 Parameters:    Size  Location     Type
		None
 Auto vars:     Size  Location     Type
		None
 Return value:  Size  Location     Type
                  1    wreg      unsigned char 
 Registers used:
		wreg
 Tracked objects:
		On entry : 
		On exit  : 
		Unchanged: 
 Data sizes:     COMMON   BANK0   BANK1   BANK2   BANK3   BANK4   BANK5   BANK6   BANK7   BANK8   BANK9  BANK10  BANK11  BANK12
      Params:         0       0       0       0       0       0       0       0       0       0       0       0       0       0
      Locals:         0       0       0       0       0       0       0       0       0       0       0       0       0       0
      Temps:          0       0       0       0       0       0       0       0       0       0       0       0       0       0
      Totals:         0       0       0       0       0       0       0       0       0       0       0       0       0       0
Total ram usage:        0 bytes
 Hardware stack levels used:    1
 Hardware stack levels required when called:    3
 This function calls:
		Nothing
 This function is called by:
		_Adf_Locked
		_Ptt_On
 This function uses a non-reentrant model


 *************** function _Adc1_Start *****************
 Defined at:
		line 286 in file "utility.c"
 Parameters:    Size  Location     Type
		None
 Auto vars:     Size  Location     Type
		None
 Return value:  Size  Location     Type
		None               void
 Registers used:
		None
 Tracked objects:
		On entry : 
		On exit  : 
		Unchanged: 
 Data sizes:     COMMON   BANK0   BANK1   BANK2   BANK3   BANK4   BANK5   BANK6   BANK7   BANK8   BANK9  BANK10  BANK11  BANK12
      Params:         0       0       0       0       0       0       0       0       0       0       0       0       0       0
      Locals:         0       0       0       0       0       0       0       0       0       0       0       0       0       0
      Temps:          0       0       0       0       0       0       0       0       0       0       0       0       0       0
      Totals:         0       0       0       0       0       0       0       0       0       0       0       0       0       0
Total ram usage:        0 bytes
 Hardware stack levels used:    1
 Hardware stack levels required when called:    3
 This function calls:
		Nothing
 This function is called by:
		_main
 This function uses a non-reentrant model


 *************** function _global_interrupt *****************
 Defined at:
		line 53 in file "main.c"
 Parameters:    Size  Location     Type
		None
 Auto vars:     Size  Location     Type
		None
 Return value:  Size  Location     Type
		None               void
 Registers used:
		wreg, fsr0l, fsr0h, fsr1l, fsr1h, status,2, status,0, pclath, cstack
 Tracked objects:
		On entry : 
		On exit  : 
		Unchanged: 
 Data sizes:     COMMON   BANK0   BANK1   BANK2   BANK3   BANK4   BANK5   BANK6   BANK7   BANK8   BANK9  BANK10  BANK11  BANK12
      Params:         0       0       0       0       0       0       0       0       0       0       0       0       0       0
      Locals:         0       0       0       0       0       0       0       0       0       0       0       0       0       0
      Temps:          2       0       0       0       0       0       0       0       0       0       0       0       0       0
      Totals:         2       0       0       0       0       0       0       0       0       0       0       0       0       0
Total ram usage:        2 bytes
 Hardware stack levels used:    1
 Hardware stack levels required when called:    2
 This function calls:
		_Sinus_Generator
 This function is called by:
		Interrupt level 1
 This function uses a non-reentrant model


 *************** function _Sinus_Generator *****************
 Defined at:
		line 84 in file "audio_tone.c"
 Parameters:    Size  Location     Type
		None
 Auto vars:     Size  Location     Type
  Audio_Signal    1    6[COMMON] unsigned char 
 Return value:  Size  Location     Type
		None               void
 Registers used:
		wreg, fsr0l, fsr0h, fsr1l, fsr1h, status,2, status,0, pclath, cstack
 Tracked objects:
		On entry : 
		On exit  : 
		Unchanged: 
 Data sizes:     COMMON   BANK0   BANK1   BANK2   BANK3   BANK4   BANK5   BANK6   BANK7   BANK8   BANK9  BANK10  BANK11  BANK12
      Params:         0       0       0       0       0       0       0       0       0       0       0       0       0       0
      Locals:         1       0       0       0       0       0       0       0       0       0       0       0       0       0
      Temps:          5       0       0       0       0       0       0       0       0       0       0       0       0       0
      Totals:         6       0       0       0       0       0       0       0       0       0       0       0       0       0
Total ram usage:        6 bytes
 Hardware stack levels used:    1
 Hardware stack levels required when called:    1
 This function calls:
		_Send_Vcxo_Signal
		_Timer0_Stop
 This function is called by:
		_global_interrupt
 This function uses a non-reentrant model


 *************** function _Timer0_Stop *****************
 Defined at:
		line 249 in file "utility.c"
 Parameters:    Size  Location     Type
		None
 Auto vars:     Size  Location     Type
		None
 Return value:  Size  Location     Type
		None               void
 Registers used:
		status,2
 Tracked objects:
		On entry : 
		On exit  : 
		Unchanged: 
 Data sizes:     COMMON   BANK0   BANK1   BANK2   BANK3   BANK4   BANK5   BANK6   BANK7   BANK8   BANK9  BANK10  BANK11  BANK12
      Params:         0       0       0       0       0       0       0       0       0       0       0       0       0       0
      Locals:         0       0       0       0       0       0       0       0       0       0       0       0       0       0
      Temps:          0       0       0       0       0       0       0       0       0       0       0       0       0       0
      Totals:         0       0       0       0       0       0       0       0       0       0       0       0       0       0
Total ram usage:        0 bytes
 Hardware stack levels used:    1
 This function calls:
		Nothing
 This function is called by:
		_Sinus_Generator
 This function uses a non-reentrant model


 *************** function _Send_Vcxo_Signal *****************
 Defined at:
		line 108 in file "utility.c"
 Parameters:    Size  Location     Type
  value           1    wreg     unsigned char 
 Auto vars:     Size  Location     Type
  value           1    0[COMMON] unsigned char 
 Return value:  Size  Location     Type
                  1    wreg      unsigned char 
 Registers used:
		wreg
 Tracked objects:
		On entry : 
		On exit  : 
		Unchanged: 
 Data sizes:     COMMON   BANK0   BANK1   BANK2   BANK3   BANK4   BANK5   BANK6   BANK7   BANK8   BANK9  BANK10  BANK11  BANK12
      Params:         0       0       0       0       0       0       0       0       0       0       0       0       0       0
      Locals:         1       0       0       0       0       0       0       0       0       0       0       0       0       0
      Temps:          0       0       0       0       0       0       0       0       0       0       0       0       0       0
      Totals:         1       0       0       0       0       0       0       0       0       0       0       0       0       0
Total ram usage:        1 bytes
 Hardware stack levels used:    1
 This function calls:
		Nothing
 This function is called by:
		_Sinus_Generator
 This function uses a non-reentrant model



MODULE INFORMATION

Module		Function		Class		Link	Load	Size
C:\Program Files (x86)\Microchip\xc8\v1.33\sources\common\memcpy.c
		_memcpy        		CODE           	0CD9	0000	41

C:\Program Files (x86)\Microchip\xc8\v1.33\sources\common\memcpy.c estimated size: 41

adf7012.c
		_Ptt_On        		CODE           	0DC4	0000	60
		_Adf_Reset_Regi		CODE           	0CB3	0000	38
		_Adf_Reset_Regi		CODE           	0C24	0000	24
		_Adf_Write_Regi		CODE           	0E9B	0000	113
		_Radio_Setup   		CODE           	0BA9	0000	14
		_Adf_Write_Regi		CODE           	0322	0000	199
		_Ptt_Off       		CODE           	0BF9	0000	19
		_Adf_Reset     		CODE           	0BE7	0000	18
		_Adf_Write_Regi		CODE           	00DD	0000	364
		_Adf_Reset_Conf		CODE           	0BB7	0000	15
		_Adf_Write_Regi		CODE           	04C4	0000	183
		_Adf_Reset_Regi		CODE           	0BD6	0000	17
		_Adf_Lock      		CODE           	0F85	0000	123
		_Adf_Locked    		CODE           	0B62	0000	3
		_Adf_Reset_Regi		CODE           	0C74	0000	31
		_Adf_Write_Conf		CODE           	0B9D	0000	12

adf7012.c estimated size: 1233

utility.c
		_Gpio_Config   		CODE           	03E9	0000	21
		_Adc1_Start    		CODE           	0B78	0000	6
		_Timer0_Stop   		CODE           	0B65	0000	4
		_Timer0_Start  		CODE           	0B73	0000	5
		_Read_Adf7012_M		CODE           	0B96	0000	7
		_Delay_ms      		CODE           	0C93	0000	32
		_Timer1_Start  		CODE           	07F1	0000	15
		_Dac0_Start_Hol		CODE           	0B6E	0000	5
		_Send_Vcxo_Sign		CODE           	0B69	0000	5
		_Reverse_Array 		CODE           	0E00	0000	68
		_Write_Adf7012_		CODE           	0D8B	0000	57
		_Spi_Byte_Send 		CODE           	0D02	0000	42

utility.c estimated size: 267

shared
		__stringdata   		STRCODE        	04BE	0000	6
		_TABLE_SIZE    		STRCODE        	04BC	0000	2
		__initializatio		CODE           	00AF	0000	42
		_PLAYBACK_RATE 		STRCODE        	04B6	0000	4
		_BAUD_RATE     		STRCODE        	04BA	0000	2
		_sine_table2   		STRCODE        	0400	0000	182

shared estimated size: 238

audio_tone.c
		_Modem_Flush_Fr		CODE           	0D2C	0000	45
		_Configure_Audi		CODE           	0C0C	0000	24
		_Modem_Setup   		CODE           	0B84	0000	6
		_Sinus_Generato		CODE           	057B	0000	182

audio_tone.c estimated size: 257

main.c
		_global_interru		CODE           	0004	0000	169
		_main          		CODE           	06E5	0000	144
		_System_Start  		CODE           	0E44	0000	87

main.c estimated size: 400

ax25.c
		_Update_Crc    		CODE           	0D59	0000	50
		_Ax25_Send_Stri		CODE           	0C57	0000	29
		_Ax25_Send_Head		CODE           	0249	0000	217
		_Ax25_Send_Foot		CODE           	0C3C	0000	27
		_Ax25_Send_Flag		CODE           	0775	0000	124
		_Ax25_Send_Sync		CODE           	0F0C	0000	121
		_Ax25_Send_Byte		CODE           	0B7E	0000	6
		_Send_Byte     		CODE           	0631	0000	180

ax25.c estimated size: 754

